../Core/lvgl/src/core/lv_obj_pos.c:1585:13:transform_point_array	80	static
../Core/lvgl/src/core/lv_obj_pos.c:1024:6:lv_obj_get_transformed_area.constprop	56	static
../Core/lvgl/src/core/lv_obj_pos.c:1145:6:lv_obj_area_is_visible.part.0	56	static
../Core/lvgl/src/core/lv_obj_pos.c:1347:20:obj_invalidate_area_internal.part.0	48	static
../Core/lvgl/src/core/lv_obj_pos.c:1046:31:blur_walk_cb	56	static
../Core/lvgl/src/core/lv_obj_pos.c:645:9:lv_obj_get_content_width.part.0	32	static
../Core/lvgl/src/core/lv_obj_pos.c:655:9:lv_obj_get_content_height.part.0	32	static
../Core/lvgl/src/core/lv_obj_pos.c:665:6:lv_obj_get_content_coords.part.0	32	static
../Core/lvgl/src/core/lv_obj_pos.c:1492:16:calc_content_height	64	static
../Core/lvgl/src/core/lv_obj_pos.c:144:16:calc_dynamic_height.part.0	24	static
../Core/lvgl/src/core/lv_obj_pos.c:1382:16:calc_content_width	64	static
../Core/lvgl/src/core/lv_obj_pos.c:101:16:calc_dynamic_width.part.0	24	static
../Core/lvgl/src/core/lv_obj_pos.c:175:6:lv_obj_refr_size.part.0	80	static
../Core/lvgl/src/core/lv_obj_pos.c:53:6:lv_obj_set_pos	24	static
../Core/lvgl/src/core/lv_obj_pos.c:61:6:lv_obj_set_x	24	static
../Core/lvgl/src/core/lv_obj_pos.c:75:6:lv_obj_set_y	24	static
../Core/lvgl/src/core/lv_obj_pos.c:127:9:lv_obj_calc_dynamic_width	24	static
../Core/lvgl/src/core/lv_obj_pos.c:170:9:lv_obj_calc_dynamic_height	24	static
../Core/lvgl/src/core/lv_obj_pos.c:175:6:lv_obj_refr_size	0	static
../Core/lvgl/src/core/lv_obj_pos.c:299:6:lv_obj_set_size	24	static
../Core/lvgl/src/core/lv_obj_pos.c:307:6:lv_obj_set_width	24	static
../Core/lvgl/src/core/lv_obj_pos.c:320:6:lv_obj_set_height	24	static
../Core/lvgl/src/core/lv_obj_pos.c:333:6:lv_obj_set_content_width	32	static
../Core/lvgl/src/core/lv_obj_pos.c:340:6:lv_obj_set_content_height	32	static
../Core/lvgl/src/core/lv_obj_pos.c:347:6:lv_obj_set_layout	8	static
../Core/lvgl/src/core/lv_obj_pos.c:356:6:lv_obj_is_layout_positioned	24	static
../Core/lvgl/src/core/lv_obj_pos.c:368:6:lv_obj_mark_layout_as_dirty	8	static
../Core/lvgl/src/core/lv_obj_pos.c:405:6:lv_obj_set_align	0	static
../Core/lvgl/src/core/lv_obj_pos.c:410:6:lv_obj_align	24	static
../Core/lvgl/src/core/lv_obj_pos.c:566:6:lv_obj_get_coords	4	static
../Core/lvgl/src/core/lv_obj_pos.c:573:9:lv_obj_get_x	32	static
../Core/lvgl/src/core/lv_obj_pos.c:590:9:lv_obj_get_x2	32	static
../Core/lvgl/src/core/lv_obj_pos.c:597:9:lv_obj_get_y	32	static
../Core/lvgl/src/core/lv_obj_pos.c:614:9:lv_obj_get_y2	32	static
../Core/lvgl/src/core/lv_obj_pos.c:621:9:lv_obj_get_x_aligned	16	static
../Core/lvgl/src/core/lv_obj_pos.c:626:9:lv_obj_get_y_aligned	16	static
../Core/lvgl/src/core/lv_obj_pos.c:631:9:lv_obj_get_width	0	static
../Core/lvgl/src/core/lv_obj_pos.c:638:9:lv_obj_get_height	0	static
../Core/lvgl/src/core/lv_obj_pos.c:645:9:lv_obj_get_content_width	0	static
../Core/lvgl/src/core/lv_obj_pos.c:655:9:lv_obj_get_content_height	0	static
../Core/lvgl/src/core/lv_obj_pos.c:665:6:lv_obj_get_content_coords	0	static
../Core/lvgl/src/core/lv_obj_pos.c:677:9:lv_obj_get_self_width	16	static
../Core/lvgl/src/core/lv_obj_pos.c:684:9:lv_obj_get_self_height	16	static
../Core/lvgl/src/core/lv_obj_pos.c:691:9:lv_obj_get_style_clamped_width	40	static
../Core/lvgl/src/core/lv_obj_pos.c:711:9:lv_obj_get_style_clamped_height	40	static
../Core/lvgl/src/core/lv_obj_pos.c:731:6:lv_obj_is_style_any_width_content	24	static
../Core/lvgl/src/core/lv_obj_pos.c:741:6:lv_obj_is_style_any_height_content	24	static
../Core/lvgl/src/core/lv_obj_pos.c:751:6:lv_obj_is_width_min	24	static
../Core/lvgl/src/core/lv_obj_pos.c:760:6:lv_obj_is_height_min	24	static
../Core/lvgl/src/core/lv_obj_pos.c:769:6:lv_obj_is_width_max	24	static
../Core/lvgl/src/core/lv_obj_pos.c:778:6:lv_obj_is_height_max	24	static
../Core/lvgl/src/core/lv_obj_pos.c:787:6:lv_obj_refresh_self_size	32	static
../Core/lvgl/src/core/lv_obj_pos.c:984:6:lv_obj_move_children_by	128	static
../Core/lvgl/src/core/lv_obj_pos.c:915:6:lv_obj_move_to	80	static
../Core/lvgl/src/core/lv_obj_pos.c:806:6:lv_obj_refr_pos.part.0	64	static
../Core/lvgl/src/core/lv_obj_pos.c:806:6:lv_obj_refr_pos	24	static
../Core/lvgl/src/core/lv_obj_pos.c:1560:13:layout_update_core	24	static
../Core/lvgl/src/core/lv_obj_pos.c:416:6:lv_obj_align_to	64	static
../Core/lvgl/src/core/lv_obj_pos.c:381:6:lv_obj_update_layout	32	static
../Core/lvgl/src/core/lv_obj_pos.c:1005:6:lv_obj_transform_point_array	32	static
../Core/lvgl/src/core/lv_obj_pos.c:1000:6:lv_obj_transform_point	0	static
../Core/lvgl/src/core/lv_obj_pos.c:1024:6:lv_obj_get_transformed_area	56	static
../Core/lvgl/src/core/lv_obj_pos.c:1113:13:lv_obj_invalidate_area	16	static
../Core/lvgl/src/core/lv_obj_pos.c:1124:13:lv_obj_invalidate	32	static
../Core/lvgl/src/core/lv_obj_pos.c:1145:6:lv_obj_area_is_visible	16	static
../Core/lvgl/src/core/lv_obj_pos.c:1197:6:lv_obj_is_visible	24	static
../Core/lvgl/src/core/lv_obj_pos.c:1212:6:lv_obj_set_ext_click_area	16	static
../Core/lvgl/src/core/lv_obj_pos.c:1220:6:lv_obj_get_click_area	8	static
../Core/lvgl/src/core/lv_obj_pos.c:1228:6:lv_obj_hit_test	48	static
../Core/lvgl/src/core/lv_obj_pos.c:1248:9:lv_clamp_width	4	static
../Core/lvgl/src/core/lv_obj_pos.c:1255:9:lv_clamp_height	4	static
../Core/lvgl/src/core/lv_obj_pos.c:1262:6:lv_obj_center	16	static
../Core/lvgl/src/core/lv_obj_pos.c:1267:6:lv_obj_set_transform	0	static
../Core/lvgl/src/core/lv_obj_pos.c:1301:6:lv_obj_reset_transform	0	static
../Core/lvgl/src/core/lv_obj_pos.c:1330:21:lv_obj_get_transform	0	static
