../Core/lvgl/src/widgets/arc/lv_arc.c:921:13:get_center	48	static
../Core/lvgl/src/widgets/arc/lv_arc.c:1035:16:knob_get_extra_size	24	static
../Core/lvgl/src/widgets/arc/lv_arc.c:515:13:lv_arc_constructor	16	static
../Core/lvgl/src/widgets/arc/lv_arc.c:1136:13:arc_value_changed_event_cb	8	static
../Core/lvgl/src/widgets/arc/lv_arc.c:962:13:get_knob_area	56	static
../Core/lvgl/src/widgets/arc/lv_arc.c:866:13:inv_arc_area	80	static
../Core/lvgl/src/widgets/arc/lv_arc.c:142:12:lv_arc_create	8	static
../Core/lvgl/src/widgets/arc/lv_arc.c:162:6:lv_arc_set_start_angle	48	static
../Core/lvgl/src/widgets/arc/lv_arc.c:186:6:lv_arc_set_end_angle	48	static
../Core/lvgl/src/widgets/arc/lv_arc.c:990:13:value_update	32	static
../Core/lvgl/src/widgets/arc/lv_arc.c:1151:13:arc_value_observer_cb	4	static
../Core/lvgl/src/widgets/arc/lv_arc.c:209:6:lv_arc_set_angles	16	static
../Core/lvgl/src/widgets/arc/lv_arc.c:215:6:lv_arc_set_bg_start_angle	32	static
../Core/lvgl/src/widgets/arc/lv_arc.c:237:6:lv_arc_set_bg_end_angle	32	static
../Core/lvgl/src/widgets/arc/lv_arc.c:259:6:lv_arc_set_bg_angles	16	static
../Core/lvgl/src/widgets/arc/lv_arc.c:265:6:lv_arc_set_rotation	0	static
../Core/lvgl/src/widgets/arc/lv_arc.c:278:6:lv_arc_set_mode	24	static
../Core/lvgl/src/widgets/arc/lv_arc.c:307:6:lv_arc_set_value	32	static
../Core/lvgl/src/widgets/arc/lv_arc.c:546:13:lv_arc_event.part.0	312	static
../Core/lvgl/src/widgets/arc/lv_arc.c:546:13:lv_arc_event	8	static
../Core/lvgl/src/widgets/arc/lv_arc.c:324:6:lv_arc_set_range	32	static
../Core/lvgl/src/widgets/arc/lv_arc.c:344:6:lv_arc_set_min_value	24	static
../Core/lvgl/src/widgets/arc/lv_arc.c:349:6:lv_arc_set_max_value	32	static
../Core/lvgl/src/widgets/arc/lv_arc.c:354:6:lv_arc_set_change_rate	0	static
../Core/lvgl/src/widgets/arc/lv_arc.c:362:6:lv_arc_set_knob_offset	0	static
../Core/lvgl/src/widgets/arc/lv_arc.c:374:20:lv_arc_get_angle_start	0	static
../Core/lvgl/src/widgets/arc/lv_arc.c:380:20:lv_arc_get_angle_end	0	static
../Core/lvgl/src/widgets/arc/lv_arc.c:386:20:lv_arc_get_bg_angle_start	0	static
../Core/lvgl/src/widgets/arc/lv_arc.c:392:20:lv_arc_get_bg_angle_end	0	static
../Core/lvgl/src/widgets/arc/lv_arc.c:398:9:lv_arc_get_value	0	static
../Core/lvgl/src/widgets/arc/lv_arc.c:404:9:lv_arc_get_min_value	0	static
../Core/lvgl/src/widgets/arc/lv_arc.c:410:9:lv_arc_get_max_value	0	static
../Core/lvgl/src/widgets/arc/lv_arc.c:416:15:lv_arc_get_mode	0	static
../Core/lvgl/src/widgets/arc/lv_arc.c:422:9:lv_arc_get_rotation	0	static
../Core/lvgl/src/widgets/arc/lv_arc.c:428:9:lv_arc_get_knob_offset	0	static
../Core/lvgl/src/widgets/arc/lv_arc.c:434:10:lv_arc_get_change_rate	0	static
../Core/lvgl/src/widgets/arc/lv_arc.c:445:17:lv_arc_bind_value	16	static
../Core/lvgl/src/widgets/arc/lv_arc.c:463:6:lv_arc_align_obj_to_angle	48	static
../Core/lvgl/src/widgets/arc/lv_arc.c:484:6:lv_arc_rotate_obj_to_angle	48	static
