Archive member included to satisfy reference by file (symbol)

C:/ST/STM32CubeIDE_1.13.2/STM32CubeIDE/plugins/com.st.stm32cube.ide.mcu.externaltools.gnu-tools-for-stm32.11.3.rel1.win32_1.1.1.202309131626/tools/bin/../lib/gcc/arm-none-eabi/11.3.1/../../../../arm-none-eabi/lib/thumb/v7e-m+fp/hard\libc_nano.a(libc_a-exit.o)
                              C:/ST/STM32CubeIDE_1.13.2/STM32CubeIDE/plugins/com.st.stm32cube.ide.mcu.externaltools.gnu-tools-for-stm32.11.3.rel1.win32_1.1.1.202309131626/tools/bin/../lib/gcc/arm-none-eabi/11.3.1/../../../../arm-none-eabi/lib/thumb/v7e-m+fp/hard/crt0.o (exit)
C:/ST/STM32CubeIDE_1.13.2/STM32CubeIDE/plugins/com.st.stm32cube.ide.mcu.externaltools.gnu-tools-for-stm32.11.3.rel1.win32_1.1.1.202309131626/tools/bin/../lib/gcc/arm-none-eabi/11.3.1/../../../../arm-none-eabi/lib/thumb/v7e-m+fp/hard\libc_nano.a(libc_a-findfp.o)
                              C:/ST/STM32CubeIDE_1.13.2/STM32CubeIDE/plugins/com.st.stm32cube.ide.mcu.externaltools.gnu-tools-for-stm32.11.3.rel1.win32_1.1.1.202309131626/tools/bin/../lib/gcc/arm-none-eabi/11.3.1/../../../../arm-none-eabi/lib/thumb/v7e-m+fp/hard\libc_nano.a(libc_a-exit.o) (__stdio_exit_handler)
C:/ST/STM32CubeIDE_1.13.2/STM32CubeIDE/plugins/com.st.stm32cube.ide.mcu.externaltools.gnu-tools-for-stm32.11.3.rel1.win32_1.1.1.202309131626/tools/bin/../lib/gcc/arm-none-eabi/11.3.1/../../../../arm-none-eabi/lib/thumb/v7e-m+fp/hard\libc_nano.a(libc_a-fwalk.o)
                              C:/ST/STM32CubeIDE_1.13.2/STM32CubeIDE/plugins/com.st.stm32cube.ide.mcu.externaltools.gnu-tools-for-stm32.11.3.rel1.win32_1.1.1.202309131626/tools/bin/../lib/gcc/arm-none-eabi/11.3.1/../../../../arm-none-eabi/lib/thumb/v7e-m+fp/hard\libc_nano.a(libc_a-findfp.o) (_fwalk_sglue)
C:/ST/STM32CubeIDE_1.13.2/STM32CubeIDE/plugins/com.st.stm32cube.ide.mcu.externaltools.gnu-tools-for-stm32.11.3.rel1.win32_1.1.1.202309131626/tools/bin/../lib/gcc/arm-none-eabi/11.3.1/../../../../arm-none-eabi/lib/thumb/v7e-m+fp/hard\libc_nano.a(libc_a-stdio.o)
                              C:/ST/STM32CubeIDE_1.13.2/STM32CubeIDE/plugins/com.st.stm32cube.ide.mcu.externaltools.gnu-tools-for-stm32.11.3.rel1.win32_1.1.1.202309131626/tools/bin/../lib/gcc/arm-none-eabi/11.3.1/../../../../arm-none-eabi/lib/thumb/v7e-m+fp/hard\libc_nano.a(libc_a-findfp.o) (__sread)
C:/ST/STM32CubeIDE_1.13.2/STM32CubeIDE/plugins/com.st.stm32cube.ide.mcu.externaltools.gnu-tools-for-stm32.11.3.rel1.win32_1.1.1.202309131626/tools/bin/../lib/gcc/arm-none-eabi/11.3.1/../../../../arm-none-eabi/lib/thumb/v7e-m+fp/hard\libc_nano.a(libc_a-memset.o)
                              C:/ST/STM32CubeIDE_1.13.2/STM32CubeIDE/plugins/com.st.stm32cube.ide.mcu.externaltools.gnu-tools-for-stm32.11.3.rel1.win32_1.1.1.202309131626/tools/bin/../lib/gcc/arm-none-eabi/11.3.1/../../../../arm-none-eabi/lib/thumb/v7e-m+fp/hard/crt0.o (memset)
C:/ST/STM32CubeIDE_1.13.2/STM32CubeIDE/plugins/com.st.stm32cube.ide.mcu.externaltools.gnu-tools-for-stm32.11.3.rel1.win32_1.1.1.202309131626/tools/bin/../lib/gcc/arm-none-eabi/11.3.1/../../../../arm-none-eabi/lib/thumb/v7e-m+fp/hard\libc_nano.a(libc_a-closer.o)
                              C:/ST/STM32CubeIDE_1.13.2/STM32CubeIDE/plugins/com.st.stm32cube.ide.mcu.externaltools.gnu-tools-for-stm32.11.3.rel1.win32_1.1.1.202309131626/tools/bin/../lib/gcc/arm-none-eabi/11.3.1/../../../../arm-none-eabi/lib/thumb/v7e-m+fp/hard\libc_nano.a(libc_a-stdio.o) (_close_r)
C:/ST/STM32CubeIDE_1.13.2/STM32CubeIDE/plugins/com.st.stm32cube.ide.mcu.externaltools.gnu-tools-for-stm32.11.3.rel1.win32_1.1.1.202309131626/tools/bin/../lib/gcc/arm-none-eabi/11.3.1/../../../../arm-none-eabi/lib/thumb/v7e-m+fp/hard\libc_nano.a(libc_a-reent.o)
                              C:/ST/STM32CubeIDE_1.13.2/STM32CubeIDE/plugins/com.st.stm32cube.ide.mcu.externaltools.gnu-tools-for-stm32.11.3.rel1.win32_1.1.1.202309131626/tools/bin/../lib/gcc/arm-none-eabi/11.3.1/../../../../arm-none-eabi/lib/thumb/v7e-m+fp/hard\libc_nano.a(libc_a-closer.o) (errno)
C:/ST/STM32CubeIDE_1.13.2/STM32CubeIDE/plugins/com.st.stm32cube.ide.mcu.externaltools.gnu-tools-for-stm32.11.3.rel1.win32_1.1.1.202309131626/tools/bin/../lib/gcc/arm-none-eabi/11.3.1/../../../../arm-none-eabi/lib/thumb/v7e-m+fp/hard\libc_nano.a(libc_a-impure.o)
                              C:/ST/STM32CubeIDE_1.13.2/STM32CubeIDE/plugins/com.st.stm32cube.ide.mcu.externaltools.gnu-tools-for-stm32.11.3.rel1.win32_1.1.1.202309131626/tools/bin/../lib/gcc/arm-none-eabi/11.3.1/../../../../arm-none-eabi/lib/thumb/v7e-m+fp/hard\libc_nano.a(libc_a-reent.o) (_impure_ptr)
C:/ST/STM32CubeIDE_1.13.2/STM32CubeIDE/plugins/com.st.stm32cube.ide.mcu.externaltools.gnu-tools-for-stm32.11.3.rel1.win32_1.1.1.202309131626/tools/bin/../lib/gcc/arm-none-eabi/11.3.1/../../../../arm-none-eabi/lib/thumb/v7e-m+fp/hard\libc_nano.a(libc_a-lseekr.o)
[...]
Memory Configuration

Name             Origin             Length             Attributes
CCMRAM           0x0000000010000000 0x0000000000010000 xrw
RAM              0x0000000020000000 0x0000000000020000 xrw
FLASH            0x0000000008000000 0x0000000000080000 xr
*default*        0x0000000000000000 0xffffffffffffffff

Linker script and memory map

LOAD C:/ST/STM32CubeIDE_1.13.2/STM32CubeIDE/plugins/com.st.stm32cube.ide.mcu.externaltools.gnu-tools-for-stm32.11.3.rel1.win32_1.1.1.202309131626/tools/bin/../lib/gcc/arm-none-eabi/11.3.1/thumb/v7e-m+fp/hard/crti.o
LOAD C:/ST/STM32CubeIDE_1.13.2/STM32CubeIDE/plugins/com.st.stm32cube.ide.mcu.externaltools.gnu-tools-for-stm32.11.3.rel1.win32_1.1.1.202309131626/tools/bin/../lib/gcc/arm-none-eabi/11.3.1/thumb/v7e-m+fp/hard/crtbegin.o
LOAD C:/ST/STM32CubeIDE_1.13.2/STM32CubeIDE/plugins/com.st.stm32cube.ide.mcu.externaltools.gnu-tools-for-stm32.11.3.rel1.win32_1.1.1.202309131626/tools/bin/../lib/gcc/arm-none-eabi/11.3.1/../../../../arm-none-eabi/lib/thumb/v7e-m+fp/hard/crt0.o
LOAD ./Core/Src/main.o
LOAD ./Core/Src/md070sd.o
LOAD ./Core/Src/stm32f4xx_hal_msp.o
LOAD ./Core/Src/stm32f4xx_it.o
LOAD ./Core/Src/syscalls.o
LOAD ./Core/Src/sysmem.o
LOAD ./Core/Src/system_stm32f4xx.o
LOAD ./Core/Startup/startup_stm32f407vetx.o
LOAD ./Drivers/STM32F4xx_HAL_Driver/Src/stm32f4xx_hal.o
LOAD ./Drivers/STM32F4xx_HAL_Driver/Src/stm32f4xx_hal_cortex.o
LOAD ./Drivers/STM32F4xx_HAL_Driver/Src/stm32f4xx_hal_dma.o
LOAD ./Drivers/STM32F4xx_HAL_Driver/Src/stm32f4xx_hal_dma_ex.o
LOAD ./Drivers/STM32F4xx_HAL_Driver/Src/stm32f4xx_hal_exti.o
LOAD ./Drivers/STM32F4xx_HAL_Driver/Src/stm32f4xx_hal_flash.o
LOAD ./Drivers/STM32F4xx_HAL_Driver/Src/stm32f4xx_hal_flash_ex.o
LOAD ./Drivers/STM32F4xx_HAL_Driver/Src/stm32f4xx_hal_flash_ramfunc.o
LOAD ./Drivers/STM32F4xx_HAL_Driver/Src/stm32f4xx_hal_gpio.o
LOAD ./Drivers/STM32F4xx_HAL_Driver/Src/stm32f4xx_hal_nand.o
LOAD ./Drivers/STM32F4xx_HAL_Driver/Src/stm32f4xx_hal_nor.o
LOAD ./Drivers/STM32F4xx_HAL_Driver/Src/stm32f4xx_hal_pccard.o
LOAD ./Drivers/STM32F4xx_HAL_Driver/Src/stm32f4xx_hal_pwr.o
LOAD ./Drivers/STM32F4xx_HAL_Driver/Src/stm32f4xx_hal_pwr_ex.o
LOAD ./Drivers/STM32F4xx_HAL_Driver/Src/stm32f4xx_hal_rcc.o
LOAD ./Drivers/STM32F4xx_HAL_Driver/Src/stm32f4xx_hal_rcc_ex.o
LOAD ./Drivers/STM32F4xx_HAL_Driver/Src/stm32f4xx_hal_rtc.o
LOAD ./Drivers/STM32F4xx_HAL_Driver/Src/stm32f4xx_hal_rtc_ex.o
LOAD ./Drivers/STM32F4xx_HAL_Driver/Src/stm32f4xx_hal_sram.o
LOAD ./Drivers/STM32F4xx_HAL_Driver/Src/stm32f4xx_ll_fsmc.o
START GROUP
LOAD C:/ST/STM32CubeIDE_1.13.2/STM32CubeIDE/plugins/com.st.stm32cube.ide.mcu.externaltools.gnu-tools-for-stm32.11.3.rel1.win32_1.1.1.202309131626/tools/bin/../lib/gcc/arm-none-eabi/11.3.1/../../../../arm-none-eabi/lib/thumb/v7e-m+fp/hard\libc_nano.a
LOAD C:/ST/STM32CubeIDE_1.13.2/STM32CubeIDE/plugins/com.st.stm32cube.ide.mcu.externaltools.gnu-tools-for-stm32.11.3.rel1.win32_1.1.1.202309131626/tools/bin/../lib/gcc/arm-none-eabi/11.3.1/../../../../arm-none-eabi/lib/thumb/v7e-m+fp/hard\libm.a
END GROUP
START GROUP
LOAD C:/ST/STM32CubeIDE_1.13.2/STM32CubeIDE/plugins/com.st.stm32cube.ide.mcu.externaltools.gnu-tools-for-stm32.11.3.rel1.win32_1.1.1.202309131626/tools/bin/../lib/gcc/arm-none-eabi/11.3.1/thumb/v7e-m+fp/hard\libgcc.a
LOAD C:/ST/STM32CubeIDE_1.13.2/STM32CubeIDE/plugins/com.st.stm32cube.ide.mcu.externaltools.gnu-tools-for-stm32.11.3.rel1.win32_1.1.1.202309131626/tools/bin/../lib/gcc/arm-none-eabi/11.3.1/../../../../arm-none-eabi/lib/thumb/v7e-m+fp/hard\libc_nano.a
END GROUP
START GROUP
LOAD C:/ST/STM32CubeIDE_1.13.2/STM32CubeIDE/plugins/com.st.stm32cube.ide.mcu.externaltools.gnu-tools-for-stm32.11.3.rel1.win32_1.1.1.202309131626/tools/bin/../lib/gcc/arm-none-eabi/11.3.1/thumb/v7e-m+fp/hard\libgcc.a
LOAD C:/ST/STM32CubeIDE_1.13.2/STM32CubeIDE/plugins/com.st.stm32cube.ide.mcu.externaltools.gnu-tools-for-stm32.11.3.rel1.win32_1.1.1.202309131626/tools/bin/../lib/gcc/arm-none-eabi/11.3.1/../../../../arm-none-eabi/lib/thumb/v7e-m+fp/hard\libc_nano.a
LOAD C:/ST/STM32CubeIDE_1.13.2/STM32CubeIDE/plugins/com.st.stm32cube.ide.mcu.externaltools.gnu-tools-for-stm32.11.3.rel1.win32_1.1.1.202309131626/tools/bin/../lib/gcc/arm-none-eabi/11.3.1/../../../../arm-none-eabi/lib/thumb/v7e-m+fp/hard\libnosys.a
END GROUP
START GROUP
LOAD C:/ST/STM32CubeIDE_1.13.2/STM32CubeIDE/plugins/com.st.stm32cube.ide.mcu.externaltools.gnu-tools-for-stm32.11.3.rel1.win32_1.1.1.202309131626/tools/bin/../lib/gcc/arm-none-eabi/11.3.1/thumb/v7e-m+fp/hard\libgcc.a
LOAD C:/ST/STM32CubeIDE_1.13.2/STM32CubeIDE/plugins/com.st.stm32cube.ide.mcu.externaltools.gnu-tools-for-stm32.11.3.rel1.win32_1.1.1.202309131626/tools/bin/../lib/gcc/arm-none-eabi/11.3.1/../../../../arm-none-eabi/lib/thumb/v7e-m+fp/hard\libc_nano.a
LOAD C:/ST/STM32CubeIDE_1.13.2/STM32CubeIDE/plugins/com.st.stm32cube.ide.mcu.externaltools.gnu-tools-for-stm32.11.3.rel1.win32_1.1.1.202309131626/tools/bin/../lib/gcc/arm-none-eabi/11.3.1/../../../../arm-none-eabi/lib/thumb/v7e-m+fp/hard\libnosys.a
END GROUP
LOAD C:/ST/STM32CubeIDE_1.13.2/STM32CubeIDE/plugins/com.st.stm32cube.ide.mcu.externaltools.gnu-tools-for-stm32.11.3.rel1.win32_1.1.1.202309131626/tools/bin/../lib/gcc/arm-none-eabi/11.3.1/thumb/v7e-m+fp/hard/crtend.o
LOAD C:/ST/STM32CubeIDE_1.13.2/STM32CubeIDE/plugins/com.st.stm32cube.ide.mcu.externaltools.gnu-tools-for-stm32.11.3.rel1.win32_1.1.1.202309131626/tools/bin/../lib/gcc/arm-none-eabi/11.3.1/thumb/v7e-m+fp/hard/crtn.o
                0x0000000020020000                _estack = (ORIGIN (RAM) + LENGTH (RAM))
                0x0000000000000200                _Min_Heap_Size = 0x200
                0x0000000000000400                _Min_Stack_Size = 0x400

.isr_vector     0x0000000008000000      0x188
                0x0000000008000000                . = ALIGN (0x4)
 *(.isr_vector)
 .isr_vector    0x0000000008000000      0x188 ./Core/Startup/startup_stm32f407vetx.o
                0x0000000008000000                g_pfnVectors
                0x0000000008000188                . = ALIGN (0x4)

.text           0x0000000008000188     0x3700
                0x0000000008000188                . = ALIGN (0x4)
 *(.text)
 .text          0x0000000008000188       0x40 C:/ST/STM32CubeIDE_1.13.2/STM32CubeIDE/plugins/com.st.stm32cube.ide.mcu.externaltools.gnu-tools-for-stm32.11.3.rel1.win32_1.1.1.202309131626/tools/bin/../lib/gcc/arm-none-eabi/11.3.1/thumb/v7e-m+fp/hard/crtbegin.o
 .text          0x00000000080001c8       0x30 C:/ST/STM32CubeIDE_1.13.2/STM32CubeIDE/plugins/com.st.stm32cube.ide.mcu.externaltools.gnu-tools-for-stm32.11.3.rel1.win32_1.1.1.202309131626/tools/bin/../lib/gcc/arm-none-eabi/11.3.1/thumb/v7e-m+fp/hard\libgcc.a(_aeabi_uldivmod.o)
                0x00000000080001c8                __aeabi_uldivmod
 .text          0x00000000080001f8      0x2c8 C:/ST/STM32CubeIDE_1.13.2/STM32CubeIDE/plugins/com.st.stm32cube.ide.mcu.externaltools.gnu-tools-for-stm32.11.3.rel1.win32_1.1.1.202309131626/tools/bin/../lib/gcc/arm-none-eabi/11.3.1/thumb/v7e-m+fp/hard\libgcc.a(_udivmoddi4.o)
                0x00000000080001f8                __udivmoddi4
 .text          0x00000000080004c0        0x4 C:/ST/STM32CubeIDE_1.13.2/STM32CubeIDE/plugins/com.st.stm32cube.ide.mcu.externaltools.gnu-tools-for-stm32.11.3.rel1.win32_1.1.1.202309131626/tools/bin/../lib/gcc/arm-none-eabi/11.3.1/thumb/v7e-m+fp/hard\libgcc.a(_dvmd_tls.o)
                0x00000000080004c0                __aeabi_idiv0
                0x00000000080004c0                __aeabi_ldiv0
 *(.text*)
 *fill*         0x00000000080004c4        0x4 
 .text.SystemClock_Config
                0x00000000080004c8       0xb0 ./Core/Src/main.o
                0x00000000080004c8                SystemClock_Config
 .text.startup.main
                0x0000000008000578      0x6d4 ./Core/Src/main.o
                0x0000000008000578                main
 .text.Error_Handler
                0x0000000008000c4c        0x4 ./Core/Src/main.o
                0x0000000008000c4c                Error_Handler
 .text.MD_Init  0x0000000008000c50       0x90 ./Core/Src/md070sd.o
                0x0000000008000c50                MD_Init
 .text.MD_SetBacklight
                0x0000000008000ce0       0x18 ./Core/Src/md070sd.o
                0x0000000008000ce0                MD_SetBacklight
 .text.MD_SetDisplayPage
                0x0000000008000cf8       0x30 ./Core/Src/md070sd.o
                0x0000000008000cf8                MD_SetDisplayPage
 .text.MD_SetWritePage
                0x0000000008000d28       0x30 ./Core/Src/md070sd.o
                0x0000000008000d28                MD_SetWritePage
 .text.MD_SwapPages
                0x0000000008000d58       0x54 ./Core/Src/md070sd.o
                0x0000000008000d58                MD_SwapPages
 .text.MD_Sleep
                0x0000000008000dac       0x18 ./Core/Src/md070sd.o
                0x0000000008000dac                MD_Sleep
 .text.MD_WakeUp
                0x0000000008000dc4        0xc ./Core/Src/md070sd.o
                0x0000000008000dc4                MD_WakeUp
 .text.MD_FillScreen
                0x0000000008000dd0       0x5c ./Core/Src/md070sd.o
                0x0000000008000dd0                MD_FillScreen
 .text.MD_Clear
                0x0000000008000e2c       0x58 ./Core/Src/md070sd.o
                0x0000000008000e2c                MD_Clear
 .text.MD_DrawLine
                0x0000000008000e84      0x21c ./Core/Src/md070sd.o
                0x0000000008000e84                MD_DrawLine
 .text.MD_DrawRect
                0x00000000080010a0      0x218 ./Core/Src/md070sd.o
                0x00000000080010a0                MD_DrawRect
 .text.MD_FillRect
                0x00000000080012b8       0xec ./Core/Src/md070sd.o
                0x00000000080012b8                MD_FillRect
 .text.MD_DrawCircle
                0x00000000080013a4      0x280 ./Core/Src/md070sd.o
                0x00000000080013a4                MD_DrawCircle
 .text.MD_FillCircle
                0x0000000008001624      0x314 ./Core/Src/md070sd.o
                0x0000000008001624                MD_FillCircle
 .text.MD_FillTriangle
                0x0000000008001938      0x2d4 ./Core/Src/md070sd.o
                0x0000000008001938                MD_FillTriangle
 .text.MD_FillRoundRect
                0x0000000008001c0c      0x370 ./Core/Src/md070sd.o
                0x0000000008001c0c                MD_FillRoundRect
 .text.HAL_MspInit
                0x0000000008001f7c       0x38 ./Core/Src/stm32f4xx_hal_msp.o
                0x0000000008001f7c                HAL_MspInit
 .text.HAL_RTC_MspInit
                0x0000000008001fb4       0x48 ./Core/Src/stm32f4xx_hal_msp.o
                0x0000000008001fb4                HAL_RTC_MspInit
 .text.HAL_SRAM_MspInit
                0x0000000008001ffc       0x6c ./Core/Src/stm32f4xx_hal_msp.o
                0x0000000008001ffc                HAL_SRAM_MspInit
 .text.NMI_Handler
                0x0000000008002068        0x4 ./Core/Src/stm32f4xx_it.o
                0x0000000008002068                NMI_Handler
 .text.HardFault_Handler
                0x000000000800206c        0x4 ./Core/Src/stm32f4xx_it.o
                0x000000000800206c                HardFault_Handler
 .text.MemManage_Handler
                0x0000000008002070        0x4 ./Core/Src/stm32f4xx_it.o
                0x0000000008002070                MemManage_Handler
 .text.BusFault_Handler
                0x0000000008002074        0x4 ./Core/Src/stm32f4xx_it.o
                0x0000000008002074                BusFault_Handler
 .text.UsageFault_Handler
                0x0000000008002078        0x4 ./Core/Src/stm32f4xx_it.o
                0x0000000008002078                UsageFault_Handler
 .text.SVC_Handler
                0x000000000800207c        0x4 ./Core/Src/stm32f4xx_it.o
                0x000000000800207c                SVC_Handler
 .text.DebugMon_Handler
                0x0000000008002080        0x4 ./Core/Src/stm32f4xx_it.o
                0x0000000008002080                DebugMon_Handler
 .text.PendSV_Handler
                0x0000000008002084        0x4 ./Core/Src/stm32f4xx_it.o
                0x0000000008002084                PendSV_Handler
 .text.SysTick_Handler
                0x0000000008002088        0x4 ./Core/Src/stm32f4xx_it.o
                0x0000000008002088                SysTick_Handler
 .text.SystemInit
                0x000000000800208c       0x14 ./Core/Src/system_stm32f4xx.o
                0x000000000800208c                SystemInit
 .text.Reset_Handler
                0x00000000080020a0       0x50 ./Core/Startup/startup_stm32f407vetx.o
                0x00000000080020a0                Reset_Handler
 .text.Default_Handler
                0x00000000080020f0        0x2 ./Core/Startup/startup_stm32f407vetx.o
                0x00000000080020f0                RTC_Alarm_IRQHandler
                0x00000000080020f0                HASH_RNG_IRQHandler
                0x00000000080020f0                EXTI2_IRQHandler
                0x00000000080020f0                TIM8_CC_IRQHandler
                0x00000000080020f0                TIM1_CC_IRQHandler
                0x00000000080020f0                DMA2_Stream5_IRQHandler
                0x00000000080020f0                DMA1_Stream5_IRQHandler
                0x00000000080020f0                PVD_IRQHandler
                0x00000000080020f0                SDIO_IRQHandler
                0x00000000080020f0                TAMP_STAMP_IRQHandler
                0x00000000080020f0                CAN2_RX1_IRQHandler
                0x00000000080020f0                EXTI3_IRQHandler
                0x00000000080020f0                TIM8_TRG_COM_TIM14_IRQHandler
                0x00000000080020f0                TIM1_UP_TIM10_IRQHandler
                0x00000000080020f0                TIM8_UP_TIM13_IRQHandler
                0x00000000080020f0                I2C3_ER_IRQHandler
                0x00000000080020f0                EXTI0_IRQHandler
                0x00000000080020f0                I2C2_EV_IRQHandler
                0x00000000080020f0                DMA1_Stream2_IRQHandler
                0x00000000080020f0                CAN1_RX0_IRQHandler
                0x00000000080020f0                FPU_IRQHandler
                0x00000000080020f0                OTG_HS_WKUP_IRQHandler
                0x00000000080020f0                CAN2_SCE_IRQHandler
                0x00000000080020f0                DMA2_Stream2_IRQHandler
                0x00000000080020f0                SPI1_IRQHandler
                0x00000000080020f0                TIM6_DAC_IRQHandler
                0x00000000080020f0                TIM1_BRK_TIM9_IRQHandler
                0x00000000080020f0                DCMI_IRQHandler
                0x00000000080020f0                CAN2_RX0_IRQHandler
                0x00000000080020f0                DMA2_Stream3_IRQHandler
                0x00000000080020f0                USART6_IRQHandler
                0x00000000080020f0                USART3_IRQHandler
                0x00000000080020f0                CAN1_RX1_IRQHandler
                0x00000000080020f0                UART5_IRQHandler
                0x00000000080020f0                DMA2_Stream0_IRQHandler
                0x00000000080020f0                TIM4_IRQHandler
                0x00000000080020f0                I2C1_EV_IRQHandler
                0x00000000080020f0                DMA1_Stream6_IRQHandler
                0x00000000080020f0                DMA1_Stream1_IRQHandler
                0x00000000080020f0                UART4_IRQHandler
                0x00000000080020f0                TIM3_IRQHandler
                0x00000000080020f0                RCC_IRQHandler
                0x00000000080020f0                TIM8_BRK_TIM12_IRQHandler
                0x00000000080020f0                Default_Handler
                0x00000000080020f0                EXTI15_10_IRQHandler
                0x00000000080020f0                ADC_IRQHandler
                0x00000000080020f0                DMA1_Stream7_IRQHandler
                0x00000000080020f0                TIM7_IRQHandler
                0x00000000080020f0                CAN2_TX_IRQHandler
                0x00000000080020f0                TIM5_IRQHandler
                0x00000000080020f0                DMA2_Stream7_IRQHandler
                0x00000000080020f0                I2C3_EV_IRQHandler
                0x00000000080020f0                EXTI9_5_IRQHandler
                0x00000000080020f0                RTC_WKUP_IRQHandler
                0x00000000080020f0                ETH_WKUP_IRQHandler
                0x00000000080020f0                SPI2_IRQHandler
                0x00000000080020f0                OTG_HS_EP1_IN_IRQHandler
                0x00000000080020f0                DMA1_Stream0_IRQHandler
                0x00000000080020f0                CAN1_TX_IRQHandler
                0x00000000080020f0                EXTI4_IRQHandler
                0x00000000080020f0                FSMC_IRQHandler
                0x00000000080020f0                ETH_IRQHandler
                0x00000000080020f0                OTG_HS_EP1_OUT_IRQHandler
                0x00000000080020f0                WWDG_IRQHandler
                0x00000000080020f0                TIM2_IRQHandler
                0x00000000080020f0                OTG_FS_WKUP_IRQHandler
                0x00000000080020f0                TIM1_TRG_COM_TIM11_IRQHandler
                0x00000000080020f0                OTG_HS_IRQHandler
                0x00000000080020f0                EXTI1_IRQHandler
                0x00000000080020f0                USART2_IRQHandler
                0x00000000080020f0                I2C2_ER_IRQHandler
                0x00000000080020f0                DMA2_Stream1_IRQHandler
                0x00000000080020f0                CAN1_SCE_IRQHandler
                0x00000000080020f0                FLASH_IRQHandler
                0x00000000080020f0                DMA2_Stream4_IRQHandler
                0x00000000080020f0                USART1_IRQHandler
                0x00000000080020f0                OTG_FS_IRQHandler
                0x00000000080020f0                SPI3_IRQHandler
                0x00000000080020f0                DMA1_Stream4_IRQHandler
                0x00000000080020f0                I2C1_ER_IRQHandler
                0x00000000080020f0                DMA2_Stream6_IRQHandler
                0x00000000080020f0                DMA1_Stream3_IRQHandler
 *fill*         0x00000000080020f2        0x2 
 .text.HAL_InitTick
                0x00000000080020f4       0x48 ./Drivers/STM32F4xx_HAL_Driver/Src/stm32f4xx_hal.o
                0x00000000080020f4                HAL_InitTick
 .text.HAL_Init
                0x000000000800213c       0x34 ./Drivers/STM32F4xx_HAL_Driver/Src/stm32f4xx_hal.o
                0x000000000800213c                HAL_Init
 .text.HAL_IncTick
                0x0000000008002170       0x18 ./Drivers/STM32F4xx_HAL_Driver/Src/stm32f4xx_hal.o
                0x0000000008002170                HAL_IncTick
 .text.HAL_GetTick
                0x0000000008002188        0xc ./Drivers/STM32F4xx_HAL_Driver/Src/stm32f4xx_hal.o
                0x0000000008002188                HAL_GetTick
 .text.HAL_Delay
                0x0000000008002194       0x24 ./Drivers/STM32F4xx_HAL_Driver/Src/stm32f4xx_hal.o
                0x0000000008002194                HAL_Delay
 .text.HAL_NVIC_SetPriorityGrouping
                0x00000000080021b8       0x24 ./Drivers/STM32F4xx_HAL_Driver/Src/stm32f4xx_hal_cortex.o
                0x00000000080021b8                HAL_NVIC_SetPriorityGrouping
 .text.HAL_NVIC_SetPriority
                0x00000000080021dc       0x7c ./Drivers/STM32F4xx_HAL_Driver/Src/stm32f4xx_hal_cortex.o
                0x00000000080021dc                HAL_NVIC_SetPriority
 .text.HAL_SYSTICK_Config
                0x0000000008002258       0x34 ./Drivers/STM32F4xx_HAL_Driver/Src/stm32f4xx_hal_cortex.o
                0x0000000008002258                HAL_SYSTICK_Config
 .text.HAL_GPIO_Init
                0x000000000800228c      0x244 ./Drivers/STM32F4xx_HAL_Driver/Src/stm32f4xx_hal_gpio.o
                0x000000000800228c                HAL_GPIO_Init
 .text.HAL_GPIO_WritePin
                0x00000000080024d0        0x8 ./Drivers/STM32F4xx_HAL_Driver/Src/stm32f4xx_hal_gpio.o
                0x00000000080024d0                HAL_GPIO_WritePin
 .text.HAL_PWR_EnableBkUpAccess
                0x00000000080024d8       0x1c ./Drivers/STM32F4xx_HAL_Driver/Src/stm32f4xx_hal_pwr.o
                0x00000000080024d8                HAL_PWR_EnableBkUpAccess
 .text.HAL_RCC_OscConfig
                0x00000000080024f4      0x3c8 ./Drivers/STM32F4xx_HAL_Driver/Src/stm32f4xx_hal_rcc.o
                0x00000000080024f4                HAL_RCC_OscConfig
 .text.HAL_RCC_GetSysClockFreq
                0x00000000080028bc       0x68 ./Drivers/STM32F4xx_HAL_Driver/Src/stm32f4xx_hal_rcc.o
                0x00000000080028bc                HAL_RCC_GetSysClockFreq
 .text.HAL_RCC_ClockConfig
                0x0000000008002924      0x13c ./Drivers/STM32F4xx_HAL_Driver/Src/stm32f4xx_hal_rcc.o
                0x0000000008002924                HAL_RCC_ClockConfig
 .text.HAL_RCCEx_PeriphCLKConfig
                0x0000000008002a60      0x140 ./Drivers/STM32F4xx_HAL_Driver/Src/stm32f4xx_hal_rcc_ex.o
                0x0000000008002a60                HAL_RCCEx_PeriphCLKConfig
 .text.HAL_RTC_Init
                0x0000000008002ba0       0xec ./Drivers/STM32F4xx_HAL_Driver/Src/stm32f4xx_hal_rtc.o
                0x0000000008002ba0                HAL_RTC_Init
 .text.HAL_RTC_SetTime
                0x0000000008002c8c      0x51c ./Drivers/STM32F4xx_HAL_Driver/Src/stm32f4xx_hal_rtc.o
                0x0000000008002c8c                HAL_RTC_SetTime
 .text.HAL_RTC_SetDate
                0x00000000080031a8      0x4e8 ./Drivers/STM32F4xx_HAL_Driver/Src/stm32f4xx_hal_rtc.o
                0x00000000080031a8                HAL_RTC_SetDate
 .text.HAL_RTCEx_BKUPRead
                0x0000000008003690        0xc ./Drivers/STM32F4xx_HAL_Driver/Src/stm32f4xx_hal_rtc_ex.o
                0x0000000008003690                HAL_RTCEx_BKUPRead
 .text.HAL_RTCEx_SetCalibrationOutPut
                0x000000000800369c       0x44 ./Drivers/STM32F4xx_HAL_Driver/Src/stm32f4xx_hal_rtc_ex.o
                0x000000000800369c                HAL_RTCEx_SetCalibrationOutPut
 .text.HAL_SRAM_Init
                0x00000000080036e0       0x5c ./Drivers/STM32F4xx_HAL_Driver/Src/stm32f4xx_hal_sram.o
                0x00000000080036e0                HAL_SRAM_Init
 .text.FSMC_NORSRAM_Init
                0x000000000800373c       0x6c ./Drivers/STM32F4xx_HAL_Driver/Src/stm32f4xx_ll_fsmc.o
                0x000000000800373c                FSMC_NORSRAM_Init
 .text.FSMC_NORSRAM_Timing_Init
                0x00000000080037a8       0x3c ./Drivers/STM32F4xx_HAL_Driver/Src/stm32f4xx_ll_fsmc.o
                0x00000000080037a8                FSMC_NORSRAM_Timing_Init
 .text.FSMC_NORSRAM_Extended_Timing_Init
                0x00000000080037e4       0x44 ./Drivers/STM32F4xx_HAL_Driver/Src/stm32f4xx_ll_fsmc.o
                0x00000000080037e4                FSMC_NORSRAM_Extended_Timing_Init
 .text.__libc_init_array
                0x0000000008003828       0x48 C:/ST/STM32CubeIDE_1.13.2/STM32CubeIDE/plugins/com.st.stm32cube.ide.mcu.externaltools.gnu-tools-for-stm32.11.3.rel1.win32_1.1.1.202309131626/tools/bin/../lib/gcc/arm-none-eabi/11.3.1/../../../../arm-none-eabi/lib/thumb/v7e-m+fp/hard\libc_nano.a(libc_a-init.o)
                0x0000000008003828                __libc_init_array
 *(.glue_7)
 .glue_7        0x0000000008003870        0x0 linker stubs
 *(.glue_7t)
 .glue_7t       0x0000000008003870        0x0 linker stubs
 *(.eh_frame)
 .eh_frame      0x0000000008003870        0x0 C:/ST/STM32CubeIDE_1.13.2/STM32CubeIDE/plugins/com.st.stm32cube.ide.mcu.externaltools.gnu-tools-for-stm32.11.3.rel1.win32_1.1.1.202309131626/tools/bin/../lib/gcc/arm-none-eabi/11.3.1/thumb/v7e-m+fp/hard/crtbegin.o
 *(.init)
 .init          0x0000000008003870        0x4 C:/ST/STM32CubeIDE_1.13.2/STM32CubeIDE/plugins/com.st.stm32cube.ide.mcu.externaltools.gnu-tools-for-stm32.11.3.rel1.win32_1.1.1.202309131626/tools/bin/../lib/gcc/arm-none-eabi/11.3.1/thumb/v7e-m+fp/hard/crti.o
                0x0000000008003870                _init
 .init          0x0000000008003874        0x8 C:/ST/STM32CubeIDE_1.13.2/STM32CubeIDE/plugins/com.st.stm32cube.ide.mcu.externaltools.gnu-tools-for-stm32.11.3.rel1.win32_1.1.1.202309131626/tools/bin/../lib/gcc/arm-none-eabi/11.3.1/thumb/v7e-m+fp/hard/crtn.o
 *(.fini)
 .fini          0x000000000800387c        0x4 C:/ST/STM32CubeIDE_1.13.2/STM32CubeIDE/plugins/com.st.stm32cube.ide.mcu.externaltools.gnu-tools-for-stm32.11.3.rel1.win32_1.1.1.202309131626/tools/bin/../lib/gcc/arm-none-eabi/11.3.1/thumb/v7e-m+fp/hard/crti.o
                0x000000000800387c                _fini
 .fini          0x0000000008003880        0x8 C:/ST/STM32CubeIDE_1.13.2/STM32CubeIDE/plugins/com.st.stm32cube.ide.mcu.externaltools.gnu-tools-for-stm32.11.3.rel1.win32_1.1.1.202309131626/tools/bin/../lib/gcc/arm-none-eabi/11.3.1/thumb/v7e-m+fp/hard/crtn.o
                0x0000000008003888                . = ALIGN (0x4)
                0x0000000008003888                _etext = .

.vfp11_veneer   0x0000000008003888        0x0
 .vfp11_veneer  0x0000000008003888        0x0 linker stubs

.v4_bx          0x0000000008003888        0x0
 .v4_bx         0x0000000008003888        0x0 linker stubs

.iplt           0x0000000008003888        0x0
 .iplt          0x0000000008003888        0x0 C:/ST/STM32CubeIDE_1.13.2/STM32CubeIDE/plugins/com.st.stm32cube.ide.mcu.externaltools.gnu-tools-for-stm32.11.3.rel1.win32_1.1.1.202309131626/tools/bin/../lib/gcc/arm-none-eabi/11.3.1/thumb/v7e-m+fp/hard/crtbegin.o

.rodata         0x0000000008003888       0x10
                0x0000000008003888                . = ALIGN (0x4)
 *(.rodata)
 *(.rodata*)
 .rodata.AHBPrescTable
                0x0000000008003888       0x10 ./Core/Src/system_stm32f4xx.o
                0x0000000008003888                AHBPrescTable
                0x0000000008003898                . = ALIGN (0x4)

.ARM.extab      0x0000000008003898        0x0
                0x0000000008003898                . = ALIGN (0x4)
 *(.ARM.extab* .gnu.linkonce.armextab.*)
                0x0000000008003898                . = ALIGN (0x4)

.ARM            0x0000000008003898        0x8
                0x0000000008003898                . = ALIGN (0x4)
                0x0000000008003898                __exidx_start = .
 *(.ARM.exidx*)
 .ARM.exidx     0x0000000008003898        0x8 C:/ST/STM32CubeIDE_1.13.2/STM32CubeIDE/plugins/com.st.stm32cube.ide.mcu.externaltools.gnu-tools-for-stm32.11.3.rel1.win32_1.1.1.202309131626/tools/bin/../lib/gcc/arm-none-eabi/11.3.1/thumb/v7e-m+fp/hard\libgcc.a(_udivmoddi4.o)
                0x00000000080038a0                __exidx_end = .
                0x00000000080038a0                . = ALIGN (0x4)

.preinit_array  0x00000000080038a0        0x0
                0x00000000080038a0                . = ALIGN (0x4)
                0x00000000080038a0                PROVIDE (__preinit_array_start = .)
 *(.preinit_array*)
                0x00000000080038a0                PROVIDE (__preinit_array_end = .)
                0x00000000080038a0                . = ALIGN (0x4)

.init_array     0x00000000080038a0        0x4
                0x00000000080038a0                . = ALIGN (0x4)
                0x00000000080038a0                PROVIDE (__init_array_start = .)
 *(SORT_BY_NAME(.init_array.*))
 *(.init_array*)
 .init_array    0x00000000080038a0        0x4 C:/ST/STM32CubeIDE_1.13.2/STM32CubeIDE/plugins/com.st.stm32cube.ide.mcu.externaltools.gnu-tools-for-stm32.11.3.rel1.win32_1.1.1.202309131626/tools/bin/../lib/gcc/arm-none-eabi/11.3.1/thumb/v7e-m+fp/hard/crtbegin.o
                0x00000000080038a4                PROVIDE (__init_array_end = .)
                0x00000000080038a4                . = ALIGN (0x4)

.fini_array     0x00000000080038a4        0x4
                0x00000000080038a4                . = ALIGN (0x4)
                [!provide]                        PROVIDE (__fini_array_start = .)
 *(SORT_BY_NAME(.fini_array.*))
 *(.fini_array*)
 .fini_array    0x00000000080038a4        0x4 C:/ST/STM32CubeIDE_1.13.2/STM32CubeIDE/plugins/com.st.stm32cube.ide.mcu.externaltools.gnu-tools-for-stm32.11.3.rel1.win32_1.1.1.202309131626/tools/bin/../lib/gcc/arm-none-eabi/11.3.1/thumb/v7e-m+fp/hard/crtbegin.o
                [!provide]                        PROVIDE (__fini_array_end = .)
                0x00000000080038a8                . = ALIGN (0x4)
                0x00000000080038a8                _sidata = LOADADDR (.data)

.rel.dyn        0x00000000080038a8        0x0
 .rel.iplt      0x00000000080038a8        0x0 C:/ST/STM32CubeIDE_1.13.2/STM32CubeIDE/plugins/com.st.stm32cube.ide.mcu.externaltools.gnu-tools-for-stm32.11.3.rel1.win32_1.1.1.202309131626/tools/bin/../lib/gcc/arm-none-eabi/11.3.1/thumb/v7e-m+fp/hard/crtbegin.o

.data           0x0000000020000000        0xc load address 0x00000000080038a8
                0x0000000020000000                . = ALIGN (0x4)
                0x0000000020000000                _sdata = .
 *(.data)
 *(.data*)
 .data.SystemCoreClock
                0x0000000020000000        0x4 ./Core/Src/system_stm32f4xx.o
                0x0000000020000000                SystemCoreClock
 .data.uwTickFreq
                0x0000000020000004        0x1 ./Drivers/STM32F4xx_HAL_Driver/Src/stm32f4xx_hal.o
                0x0000000020000004                uwTickFreq
 *fill*         0x0000000020000005        0x3 
 .data.uwTickPrio
                0x0000000020000008        0x4 ./Drivers/STM32F4xx_HAL_Driver/Src/stm32f4xx_hal.o
                0x0000000020000008                uwTickPrio
 *(.RamFunc)
 *(.RamFunc*)
                0x000000002000000c                . = ALIGN (0x4)
                0x000000002000000c                _edata = .
                0x00000000080038b4                _siccmram = LOADADDR (.ccmram)

.igot.plt       0x000000002000000c        0x0 load address 0x00000000080038b4
 .igot.plt      0x000000002000000c        0x0 C:/ST/STM32CubeIDE_1.13.2/STM32CubeIDE/plugins/com.st.stm32cube.ide.mcu.externaltools.gnu-tools-for-stm32.11.3.rel1.win32_1.1.1.202309131626/tools/bin/../lib/gcc/arm-none-eabi/11.3.1/thumb/v7e-m+fp/hard/crtbegin.o

.ccmram         0x0000000010000000        0x0 load address 0x00000000080038b4
                0x0000000010000000                . = ALIGN (0x4)
                0x0000000010000000                _sccmram = .
 *(.ccmram)
 *(.ccmram*)
                0x0000000010000000                . = ALIGN (0x4)
                0x0000000010000000                _eccmram = .
                0x0000000010000000                . = ALIGN (0x4)

.bss            0x000000002000000c       0x98
                0x000000002000000c                _sbss = .
                0x000000002000000c                __bss_start__ = _sbss
 *(.bss)
 .bss           0x000000002000000c       0x1c C:/ST/STM32CubeIDE_1.13.2/STM32CubeIDE/plugins/com.st.stm32cube.ide.mcu.externaltools.gnu-tools-for-stm32.11.3.rel1.win32_1.1.1.202309131626/tools/bin/../lib/gcc/arm-none-eabi/11.3.1/thumb/v7e-m+fp/hard/crtbegin.o
 *(.bss*)
 .bss.hrtc      0x0000000020000028       0x20 ./Core/Src/main.o
                0x0000000020000028                hrtc
 .bss.hsram1    0x0000000020000048       0x50 ./Core/Src/main.o
                0x0000000020000048                hsram1
 .bss.currentDisplayPage
                0x0000000020000098        0x1 ./Core/Src/md070sd.o
 .bss.currentWritePage
                0x0000000020000099        0x1 ./Core/Src/md070sd.o
 *fill*         0x000000002000009a        0x2 
 .bss.FSMC_Initialized
                0x000000002000009c        0x4 ./Core/Src/stm32f4xx_hal_msp.o
 .bss.uwTick    0x00000000200000a0        0x4 ./Drivers/STM32F4xx_HAL_Driver/Src/stm32f4xx_hal.o
                0x00000000200000a0                uwTick
 *(COMMON)
                0x00000000200000a4                . = ALIGN (0x4)
                0x00000000200000a4                _ebss = .
                0x00000000200000a4                __bss_end__ = _ebss

._user_heap_stack
                0x00000000200000a4      0x604
                0x00000000200000a8                . = ALIGN (0x8)
 *fill*         0x00000000200000a4        0x4 
                [!provide]                        PROVIDE (end = .)
                0x00000000200000a8                PROVIDE (_end = .)
                0x00000000200002a8                . = (. + _Min_Heap_Size)
 *fill*         0x00000000200000a8      0x200 
                0x00000000200006a8                . = (. + _Min_Stack_Size)
 *fill*         0x00000000200002a8      0x400 
                0x00000000200006a8                . = ALIGN (0x8)

/DISCARD/
 libc.a(*)
 libm.a(*)
 libgcc.a(*)

.ARM.attributes
                0x0000000000000000       0x30
 *(.ARM.attributes)
 .ARM.attributes
                0x0000000000000000       0x1e C:/ST/STM32CubeIDE_1.13.2/STM32CubeIDE/plugins/com.st.stm32cube.ide.mcu.externaltools.gnu-tools-for-stm32.11.3.rel1.win32_1.1.1.202309131626/tools/bin/../lib/gcc/arm-none-eabi/11.3.1/thumb/v7e-m+fp/hard/crti.o
 .ARM.attributes
                0x000000000000001e       0x34 C:/ST/STM32CubeIDE_1.13.2/STM32CubeIDE/plugins/com.st.stm32cube.ide.mcu.externaltools.gnu-tools-for-stm32.11.3.rel1.win32_1.1.1.202309131626/tools/bin/../lib/gcc/arm-none-eabi/11.3.1/thumb/v7e-m+fp/hard/crtbegin.o
 .ARM.attributes
                0x0000000000000052       0x34 ./Core/Src/main.o
 .ARM.attributes
                0x0000000000000086       0x34 ./Core/Src/md070sd.o
 .ARM.attributes
                0x00000000000000ba       0x34 ./Core/Src/stm32f4xx_hal_msp.o
 .ARM.attributes
                0x00000000000000ee       0x34 ./Core/Src/stm32f4xx_it.o
 .ARM.attributes
                0x0000000000000122       0x34 ./Core/Src/system_stm32f4xx.o
 .ARM.attributes
                0x0000000000000156       0x21 ./Core/Startup/startup_stm32f407vetx.o
 .ARM.attributes
                0x0000000000000177       0x34 ./Drivers/STM32F4xx_HAL_Driver/Src/stm32f4xx_hal.o
 .ARM.attributes
                0x00000000000001ab       0x34 ./Drivers/STM32F4xx_HAL_Driver/Src/stm32f4xx_hal_cortex.o
 .ARM.attributes
                0x00000000000001df       0x34 ./Drivers/STM32F4xx_HAL_Driver/Src/stm32f4xx_hal_gpio.o
 .ARM.attributes
                0x0000000000000213       0x34 ./Drivers/STM32F4xx_HAL_Driver/Src/stm32f4xx_hal_pwr.o
 .ARM.attributes
                0x0000000000000247       0x34 ./Drivers/STM32F4xx_HAL_Driver/Src/stm32f4xx_hal_rcc.o
 .ARM.attributes
                0x000000000000027b       0x34 ./Drivers/STM32F4xx_HAL_Driver/Src/stm32f4xx_hal_rcc_ex.o
 .ARM.attributes
                0x00000000000002af       0x34 ./Drivers/STM32F4xx_HAL_Driver/Src/stm32f4xx_hal_rtc.o
 .ARM.attributes
                0x00000000000002e3       0x34 ./Drivers/STM32F4xx_HAL_Driver/Src/stm32f4xx_hal_rtc_ex.o
 .ARM.attributes
                0x0000000000000317       0x34 ./Drivers/STM32F4xx_HAL_Driver/Src/stm32f4xx_hal_sram.o
 .ARM.attributes
                0x000000000000034b       0x34 ./Drivers/STM32F4xx_HAL_Driver/Src/stm32f4xx_ll_fsmc.o
 .ARM.attributes
                0x000000000000037f       0x34 C:/ST/STM32CubeIDE_1.13.2/STM32CubeIDE/plugins/com.st.stm32cube.ide.mcu.externaltools.gnu-tools-for-stm32.11.3.rel1.win32_1.1.1.202309131626/tools/bin/../lib/gcc/arm-none-eabi/11.3.1/../../../../arm-none-eabi/lib/thumb/v7e-m+fp/hard\libc_nano.a(libc_a-init.o)
 .ARM.attributes
                0x00000000000003b3       0x1e C:/ST/STM32CubeIDE_1.13.2/STM32CubeIDE/plugins/com.st.stm32cube.ide.mcu.externaltools.gnu-tools-for-stm32.11.3.rel1.win32_1.1.1.202309131626/tools/bin/../lib/gcc/arm-none-eabi/11.3.1/thumb/v7e-m+fp/hard\libgcc.a(_aeabi_uldivmod.o)
 .ARM.attributes
                0x00000000000003d1       0x34 C:/ST/STM32CubeIDE_1.13.2/STM32CubeIDE/plugins/com.st.stm32cube.ide.mcu.externaltools.gnu-tools-for-stm32.11.3.rel1.win32_1.1.1.202309131626/tools/bin/../lib/gcc/arm-none-eabi/11.3.1/thumb/v7e-m+fp/hard\libgcc.a(_udivmoddi4.o)
 .ARM.attributes
                0x0000000000000405       0x1e C:/ST/STM32CubeIDE_1.13.2/STM32CubeIDE/plugins/com.st.stm32cube.ide.mcu.externaltools.gnu-tools-for-stm32.11.3.rel1.win32_1.1.1.202309131626/tools/bin/../lib/gcc/arm-none-eabi/11.3.1/thumb/v7e-m+fp/hard\libgcc.a(_dvmd_tls.o)
 .ARM.attributes
                0x0000000000000423       0x1e C:/ST/STM32CubeIDE_1.13.2/STM32CubeIDE/plugins/com.st.stm32cube.ide.mcu.externaltools.gnu-tools-for-stm32.11.3.rel1.win32_1.1.1.202309131626/tools/bin/../lib/gcc/arm-none-eabi/11.3.1/thumb/v7e-m+fp/hard/crtn.o
OUTPUT(STM32F407VET6_7.0TFT_MAXII_16Bit.elf elf32-littlearm)
LOAD linker stubs
LOAD C:/ST/STM32CubeIDE_1.13.2/STM32CubeIDE/plugins/com.st.stm32cube.ide.mcu.externaltools.gnu-tools-for-stm32.11.3.rel1.win32_1.1.1.202309131626/tools/bin/../lib/gcc/arm-none-eabi/11.3.1/../../../../arm-none-eabi/lib/thumb/v7e-m+fp/hard\libc.a
LOAD C:/ST/STM32CubeIDE_1.13.2/STM32CubeIDE/plugins/com.st.stm32cube.ide.mcu.externaltools.gnu-tools-for-stm32.11.3.rel1.win32_1.1.1.202309131626/tools/bin/../lib/gcc/arm-none-eabi/11.3.1/../../../../arm-none-eabi/lib/thumb/v7e-m+fp/hard\libm.a
LOAD C:/ST/STM32CubeIDE_1.13.2/STM32CubeIDE/plugins/com.st.stm32cube.ide.mcu.externaltools.gnu-tools-for-stm32.11.3.rel1.win32_1.1.1.202309131626/tools/bin/../lib/gcc/arm-none-eabi/11.3.1/thumb/v7e-m+fp/hard\libgcc.a

.comment        0x0000000000000000       0x43
 .comment       0x0000000000000000       0x43 C:/ST/STM32CubeIDE_1.13.2/STM32CubeIDE/plugins/com.st.stm32cube.ide.mcu.externaltools.gnu-tools-for-stm32.11.3.rel1.win32_1.1.1.202309131626/tools/bin/../lib/gcc/arm-none-eabi/11.3.1/thumb/v7e-m+fp/hard/crtbegin.o
                                         0x44 (size before relaxing)
 .comment       0x0000000000000043       0x44 ./Core/Src/main.o
 .comment       0x0000000000000043       0x44 ./Core/Src/md070sd.o
 .comment       0x0000000000000043       0x44 ./Core/Src/stm32f4xx_hal_msp.o
 .comment       0x0000000000000043       0x44 ./Core/Src/stm32f4xx_it.o
 .comment       0x0000000000000043       0x44 ./Core/Src/system_stm32f4xx.o
 .comment       0x0000000000000043       0x44 ./Drivers/STM32F4xx_HAL_Driver/Src/stm32f4xx_hal.o
 .comment       0x0000000000000043       0x44 ./Drivers/STM32F4xx_HAL_Driver/Src/stm32f4xx_hal_cortex.o
 .comment       0x0000000000000043       0x44 ./Drivers/STM32F4xx_HAL_Driver/Src/stm32f4xx_hal_gpio.o
 .comment       0x0000000000000043       0x44 ./Drivers/STM32F4xx_HAL_Driver/Src/stm32f4xx_hal_pwr.o
 .comment       0x0000000000000043       0x44 ./Drivers/STM32F4xx_HAL_Driver/Src/stm32f4xx_hal_rcc.o
 .comment       0x0000000000000043       0x44 ./Drivers/STM32F4xx_HAL_Driver/Src/stm32f4xx_hal_rcc_ex.o
 .comment       0x0000000000000043       0x44 ./Drivers/STM32F4xx_HAL_Driver/Src/stm32f4xx_hal_rtc.o
 .comment       0x0000000000000043       0x44 ./Drivers/STM32F4xx_HAL_Driver/Src/stm32f4xx_hal_rtc_ex.o
 .comment       0x0000000000000043       0x44 ./Drivers/STM32F4xx_HAL_Driver/Src/stm32f4xx_hal_sram.o
 .comment       0x0000000000000043       0x44 ./Drivers/STM32F4xx_HAL_Driver/Src/stm32f4xx_ll_fsmc.o

.debug_info     0x0000000000000000    0x11f31
 .debug_info    0x0000000000000000     0x25ee ./Core/Src/main.o
 .debug_info    0x00000000000025ee     0x6848 ./Core/Src/md070sd.o
 .debug_info    0x0000000000008e36      0xe3a ./Core/Src/stm32f4xx_hal_msp.o
 .debug_info    0x0000000000009c70      0x114 ./Core/Src/stm32f4xx_it.o
 .debug_info    0x0000000000009d84      0x52b ./Core/Src/system_stm32f4xx.o
 .debug_info    0x000000000000a2af       0x23 ./Core/Startup/startup_stm32f407vetx.o
 .debug_info    0x000000000000a2d2      0xa1c ./Drivers/STM32F4xx_HAL_Driver/Src/stm32f4xx_hal.o
 .debug_info    0x000000000000acee      0xfc4 ./Drivers/STM32F4xx_HAL_Driver/Src/stm32f4xx_hal_cortex.o
 .debug_info    0x000000000000bcb2      0x70c ./Drivers/STM32F4xx_HAL_Driver/Src/stm32f4xx_hal_gpio.o
 .debug_info    0x000000000000c3be      0x716 ./Drivers/STM32F4xx_HAL_Driver/Src/stm32f4xx_hal_pwr.o
 .debug_info    0x000000000000cad4      0xae5 ./Drivers/STM32F4xx_HAL_Driver/Src/stm32f4xx_hal_rcc.o
 .debug_info    0x000000000000d5b9      0x651 ./Drivers/STM32F4xx_HAL_Driver/Src/stm32f4xx_hal_rcc_ex.o
 .debug_info    0x000000000000dc0a     0x179b ./Drivers/STM32F4xx_HAL_Driver/Src/stm32f4xx_hal_rtc.o
 .debug_info    0x000000000000f3a5     0x11ea ./Drivers/STM32F4xx_HAL_Driver/Src/stm32f4xx_hal_rtc_ex.o
 .debug_info    0x000000000001058f      0xf64 ./Drivers/STM32F4xx_HAL_Driver/Src/stm32f4xx_hal_sram.o
 .debug_info    0x00000000000114f3      0xa3e ./Drivers/STM32F4xx_HAL_Driver/Src/stm32f4xx_ll_fsmc.o

.debug_abbrev   0x0000000000000000     0x24f2
 .debug_abbrev  0x0000000000000000      0x3fc ./Core/Src/main.o
 .debug_abbrev  0x00000000000003fc      0x452 ./Core/Src/md070sd.o
 .debug_abbrev  0x000000000000084e      0x28a ./Core/Src/stm32f4xx_hal_msp.o
 .debug_abbrev  0x0000000000000ad8       0xb6 ./Core/Src/stm32f4xx_it.o
 .debug_abbrev  0x0000000000000b8e      0x120 ./Core/Src/system_stm32f4xx.o
 .debug_abbrev  0x0000000000000cae       0x12 ./Core/Startup/startup_stm32f407vetx.o
 .debug_abbrev  0x0000000000000cc0      0x285 ./Drivers/STM32F4xx_HAL_Driver/Src/stm32f4xx_hal.o
 .debug_abbrev  0x0000000000000f45      0x379 ./Drivers/STM32F4xx_HAL_Driver/Src/stm32f4xx_hal_cortex.o
 .debug_abbrev  0x00000000000012be      0x215 ./Drivers/STM32F4xx_HAL_Driver/Src/stm32f4xx_hal_gpio.o
 .debug_abbrev  0x00000000000014d3      0x1a1 ./Drivers/STM32F4xx_HAL_Driver/Src/stm32f4xx_hal_pwr.o
 .debug_abbrev  0x0000000000001674      0x352 ./Drivers/STM32F4xx_HAL_Driver/Src/stm32f4xx_hal_rcc.o
 .debug_abbrev  0x00000000000019c6      0x1c4 ./Drivers/STM32F4xx_HAL_Driver/Src/stm32f4xx_hal_rcc_ex.o
 .debug_abbrev  0x0000000000001b8a      0x2f4 ./Drivers/STM32F4xx_HAL_Driver/Src/stm32f4xx_hal_rtc.o
 .debug_abbrev  0x0000000000001e7e      0x278 ./Drivers/STM32F4xx_HAL_Driver/Src/stm32f4xx_hal_rtc_ex.o
 .debug_abbrev  0x00000000000020f6      0x238 ./Drivers/STM32F4xx_HAL_Driver/Src/stm32f4xx_hal_sram.o
 .debug_abbrev  0x000000000000232e      0x1c4 ./Drivers/STM32F4xx_HAL_Driver/Src/stm32f4xx_ll_fsmc.o

.debug_loclists
                0x0000000000000000     0x94f6
 .debug_loclists
                0x0000000000000000      0x1dd ./Core/Src/main.o
 .debug_loclists
                0x00000000000001dd     0x4d80 ./Core/Src/md070sd.o
 .debug_loclists
                0x0000000000004f5d       0x51 ./Core/Src/stm32f4xx_hal_msp.o
 .debug_loclists
                0x0000000000004fae       0x7b ./Core/Src/system_stm32f4xx.o
 .debug_loclists
                0x0000000000005029       0xe2 ./Drivers/STM32F4xx_HAL_Driver/Src/stm32f4xx_hal.o
 .debug_loclists
                0x000000000000510b      0x4a3 ./Drivers/STM32F4xx_HAL_Driver/Src/stm32f4xx_hal_cortex.o
 .debug_loclists
                0x00000000000055ae      0x37e ./Drivers/STM32F4xx_HAL_Driver/Src/stm32f4xx_hal_gpio.o
 .debug_loclists
                0x000000000000592c       0x68 ./Drivers/STM32F4xx_HAL_Driver/Src/stm32f4xx_hal_pwr.o
 .debug_loclists
                0x0000000000005994      0x356 ./Drivers/STM32F4xx_HAL_Driver/Src/stm32f4xx_hal_rcc.o
 .debug_loclists
                0x0000000000005cea      0x233 ./Drivers/STM32F4xx_HAL_Driver/Src/stm32f4xx_hal_rcc_ex.o
 .debug_loclists
                0x0000000000005f1d     0x1f88 ./Drivers/STM32F4xx_HAL_Driver/Src/stm32f4xx_hal_rtc.o
 .debug_loclists
                0x0000000000007ea5      0xa56 ./Drivers/STM32F4xx_HAL_Driver/Src/stm32f4xx_hal_rtc_ex.o
 .debug_loclists
                0x00000000000088fb      0x89d ./Drivers/STM32F4xx_HAL_Driver/Src/stm32f4xx_hal_sram.o
 .debug_loclists
                0x0000000000009198      0x35e ./Drivers/STM32F4xx_HAL_Driver/Src/stm32f4xx_ll_fsmc.o

.debug_aranges  0x0000000000000000      0x8d8
 .debug_aranges
                0x0000000000000000       0x38 ./Core/Src/main.o
 .debug_aranges
                0x0000000000000038      0x120 ./Core/Src/md070sd.o
 .debug_aranges
                0x0000000000000158       0x40 ./Core/Src/stm32f4xx_hal_msp.o
 .debug_aranges
                0x0000000000000198       0x50 ./Core/Src/stm32f4xx_it.o
 .debug_aranges
                0x00000000000001e8       0x28 ./Core/Src/system_stm32f4xx.o
 .debug_aranges
                0x0000000000000210       0x28 ./Core/Startup/startup_stm32f407vetx.o
 .debug_aranges
                0x0000000000000238       0xe8 ./Drivers/STM32F4xx_HAL_Driver/Src/stm32f4xx_hal.o
 .debug_aranges
                0x0000000000000320       0xc0 ./Drivers/STM32F4xx_HAL_Driver/Src/stm32f4xx_hal_cortex.o
 .debug_aranges
                0x00000000000003e0       0x58 ./Drivers/STM32F4xx_HAL_Driver/Src/stm32f4xx_hal_gpio.o
 .debug_aranges
                0x0000000000000438       0xa0 ./Drivers/STM32F4xx_HAL_Driver/Src/stm32f4xx_hal_pwr.o
 .debug_aranges
                0x00000000000004d8       0x88 ./Drivers/STM32F4xx_HAL_Driver/Src/stm32f4xx_hal_rcc.o
 .debug_aranges
                0x0000000000000560       0x48 ./Drivers/STM32F4xx_HAL_Driver/Src/stm32f4xx_hal_rcc_ex.o
 .debug_aranges
                0x00000000000005a8       0xd8 ./Drivers/STM32F4xx_HAL_Driver/Src/stm32f4xx_hal_rtc.o
 .debug_aranges
                0x0000000000000680      0x110 ./Drivers/STM32F4xx_HAL_Driver/Src/stm32f4xx_hal_rtc_ex.o
 .debug_aranges
                0x0000000000000790       0xa0 ./Drivers/STM32F4xx_HAL_Driver/Src/stm32f4xx_hal_sram.o
 .debug_aranges
                0x0000000000000830       0xa8 ./Drivers/STM32F4xx_HAL_Driver/Src/stm32f4xx_ll_fsmc.o

.debug_rnglists
                0x0000000000000000     0x222e
 .debug_rnglists
                0x0000000000000000      0x150 ./Core/Src/main.o
 .debug_rnglists
                0x0000000000000150     0x177e ./Core/Src/md070sd.o
 .debug_rnglists
                0x00000000000018ce       0x6a ./Core/Src/stm32f4xx_hal_msp.o
 .debug_rnglists
                0x0000000000001938       0x37 ./Core/Src/stm32f4xx_it.o
 .debug_rnglists
                0x000000000000196f       0x19 ./Core/Src/system_stm32f4xx.o
 .debug_rnglists
                0x0000000000001988       0x19 ./Core/Startup/startup_stm32f407vetx.o
 .debug_rnglists
                0x00000000000019a1       0xa9 ./Drivers/STM32F4xx_HAL_Driver/Src/stm32f4xx_hal.o
 .debug_rnglists
                0x0000000000001a4a      0x100 ./Drivers/STM32F4xx_HAL_Driver/Src/stm32f4xx_hal_cortex.o
 .debug_rnglists
                0x0000000000001b4a       0x4b ./Drivers/STM32F4xx_HAL_Driver/Src/stm32f4xx_hal_gpio.o
 .debug_rnglists
                0x0000000000001b95       0x73 ./Drivers/STM32F4xx_HAL_Driver/Src/stm32f4xx_hal_pwr.o
 .debug_rnglists
                0x0000000000001c08       0xcf ./Drivers/STM32F4xx_HAL_Driver/Src/stm32f4xx_hal_rcc.o
 .debug_rnglists
                0x0000000000001cd7       0x3f ./Drivers/STM32F4xx_HAL_Driver/Src/stm32f4xx_hal_rcc_ex.o
 .debug_rnglists
                0x0000000000001d16      0x360 ./Drivers/STM32F4xx_HAL_Driver/Src/stm32f4xx_hal_rtc.o
 .debug_rnglists
                0x0000000000002076       0xcc ./Drivers/STM32F4xx_HAL_Driver/Src/stm32f4xx_hal_rtc_ex.o
 .debug_rnglists
                0x0000000000002142       0x73 ./Drivers/STM32F4xx_HAL_Driver/Src/stm32f4xx_hal_sram.o
 .debug_rnglists
                0x00000000000021b5       0x79 ./Drivers/STM32F4xx_HAL_Driver/Src/stm32f4xx_ll_fsmc.o

.debug_macro    0x0000000000000000    0x20dc1
 .debug_macro   0x0000000000000000      0x206 ./Core/Src/main.o
 .debug_macro   0x0000000000000206      0xaa8 ./Core/Src/main.o
 .debug_macro   0x0000000000000cae      0x29b ./Core/Src/main.o
 .debug_macro   0x0000000000000f49       0x2e ./Core/Src/main.o
 .debug_macro   0x0000000000000f77       0x2f ./Core/Src/main.o
 .debug_macro   0x0000000000000fa6       0x22 ./Core/Src/main.o
 .debug_macro   0x0000000000000fc8       0x8e ./Core/Src/main.o
 .debug_macro   0x0000000000001056       0x51 ./Core/Src/main.o
 .debug_macro   0x00000000000010a7      0x103 ./Core/Src/main.o
 .debug_macro   0x00000000000011aa       0x6a ./Core/Src/main.o
 .debug_macro   0x0000000000001214      0x1df ./Core/Src/main.o
 .debug_macro   0x00000000000013f3       0x1c ./Core/Src/main.o
 .debug_macro   0x000000000000140f       0x22 ./Core/Src/main.o
 .debug_macro   0x0000000000001431       0xfb ./Core/Src/main.o
 .debug_macro   0x000000000000152c     0x1011 ./Core/Src/main.o
 .debug_macro   0x000000000000253d      0x11f ./Core/Src/main.o
 .debug_macro   0x000000000000265c    0x15ea5 ./Core/Src/main.o
 .debug_macro   0x0000000000018501       0x6d ./Core/Src/main.o
 .debug_macro   0x000000000001856e     0x3693 ./Core/Src/main.o
 .debug_macro   0x000000000001bc01      0x174 ./Core/Src/main.o
 .debug_macro   0x000000000001bd75       0x5c ./Core/Src/main.o
 .debug_macro   0x000000000001bdd1      0x980 ./Core/Src/main.o
 .debug_macro   0x000000000001c751      0x9e9 ./Core/Src/main.o
 .debug_macro   0x000000000001d13a      0x115 ./Core/Src/main.o
 .debug_macro   0x000000000001d24f      0x13e ./Core/Src/main.o
 .debug_macro   0x000000000001d38d       0xa5 ./Core/Src/main.o
 .debug_macro   0x000000000001d432      0x174 ./Core/Src/main.o
 .debug_macro   0x000000000001d5a6      0x287 ./Core/Src/main.o
 .debug_macro   0x000000000001d82d       0x5f ./Core/Src/main.o
 .debug_macro   0x000000000001d88c      0x236 ./Core/Src/main.o
 .debug_macro   0x000000000001dac2      0x12c ./Core/Src/main.o
 .debug_macro   0x000000000001dbee      0x21e ./Core/Src/main.o
 .debug_macro   0x000000000001de0c       0x2e ./Core/Src/main.o
 .debug_macro   0x000000000001de3a      0x516 ./Core/Src/main.o
 .debug_macro   0x000000000001e350      0x127 ./Core/Src/main.o
 .debug_macro   0x000000000001e477       0x7e ./Core/Src/main.o
 .debug_macro   0x000000000001e4f5       0x89 ./Core/Src/main.o
 .debug_macro   0x000000000001e57e      0x30c ./Core/Src/main.o
 .debug_macro   0x000000000001e88a      0x44b ./Core/Src/main.o
 .debug_macro   0x000000000001ecd5       0xeb ./Core/Src/main.o
 .debug_macro   0x000000000001edc0      0x12d ./Core/Src/main.o
 .debug_macro   0x000000000001eeed      0x10c ./Core/Src/main.o
 .debug_macro   0x000000000001eff9      0x22c ./Core/Src/main.o
 .debug_macro   0x000000000001f225      0x202 ./Core/Src/md070sd.o
 .debug_macro   0x000000000001f427      0x1f3 ./Core/Src/stm32f4xx_hal_msp.o
 .debug_macro   0x000000000001f61a      0x1fd ./Core/Src/stm32f4xx_it.o
 .debug_macro   0x000000000001f817      0x1e4 ./Core/Src/system_stm32f4xx.o
 .debug_macro   0x000000000001f9fb      0x244 ./Drivers/STM32F4xx_HAL_Driver/Src/stm32f4xx_hal.o
 .debug_macro   0x000000000001fc3f      0x1e4 ./Drivers/STM32F4xx_HAL_Driver/Src/stm32f4xx_hal_cortex.o
 .debug_macro   0x000000000001fe23      0x1ea ./Drivers/STM32F4xx_HAL_Driver/Src/stm32f4xx_hal_gpio.o
 .debug_macro   0x000000000002000d      0x1fc ./Drivers/STM32F4xx_HAL_Driver/Src/stm32f4xx_hal_pwr.o
 .debug_macro   0x0000000000020209      0x208 ./Drivers/STM32F4xx_HAL_Driver/Src/stm32f4xx_hal_rcc.o
 .debug_macro   0x0000000000020411      0x1e4 ./Drivers/STM32F4xx_HAL_Driver/Src/stm32f4xx_hal_rcc_ex.o
 .debug_macro   0x00000000000205f5      0x1e5 ./Drivers/STM32F4xx_HAL_Driver/Src/stm32f4xx_hal_rtc.o
 .debug_macro   0x00000000000207da      0x1e4 ./Drivers/STM32F4xx_HAL_Driver/Src/stm32f4xx_hal_rtc_ex.o
 .debug_macro   0x00000000000209be      0x1e4 ./Drivers/STM32F4xx_HAL_Driver/Src/stm32f4xx_hal_sram.o
 .debug_macro   0x0000000000020ba2      0x21f ./Drivers/STM32F4xx_HAL_Driver/Src/stm32f4xx_ll_fsmc.o

.debug_line     0x0000000000000000    0x12724
 .debug_line    0x0000000000000000      0xe23 ./Core/Src/main.o
 .debug_line    0x0000000000000e23     0x49f1 ./Core/Src/md070sd.o
 .debug_line    0x0000000000005814      0x8fc ./Core/Src/stm32f4xx_hal_msp.o
 .debug_line    0x0000000000006110      0x835 ./Core/Src/stm32f4xx_it.o
 .debug_line    0x0000000000006945      0x7f0 ./Core/Src/system_stm32f4xx.o
 .debug_line    0x0000000000007135       0x7a ./Core/Startup/startup_stm32f407vetx.o
 .debug_line    0x00000000000071af      0xafb ./Drivers/STM32F4xx_HAL_Driver/Src/stm32f4xx_hal.o
 .debug_line    0x0000000000007caa      0xddc ./Drivers/STM32F4xx_HAL_Driver/Src/stm32f4xx_hal_cortex.o
 .debug_line    0x0000000000008a86      0xd3d ./Drivers/STM32F4xx_HAL_Driver/Src/stm32f4xx_hal_gpio.o
 .debug_line    0x00000000000097c3      0x9eb ./Drivers/STM32F4xx_HAL_Driver/Src/stm32f4xx_hal_pwr.o
 .debug_line    0x000000000000a1ae     0x114d ./Drivers/STM32F4xx_HAL_Driver/Src/stm32f4xx_hal_rcc.o
 .debug_line    0x000000000000b2fb      0xc56 ./Drivers/STM32F4xx_HAL_Driver/Src/stm32f4xx_hal_rcc_ex.o
 .debug_line    0x000000000000bf51     0x299b ./Drivers/STM32F4xx_HAL_Driver/Src/stm32f4xx_hal_rtc.o
 .debug_line    0x000000000000e8ec     0x2079 ./Drivers/STM32F4xx_HAL_Driver/Src/stm32f4xx_hal_rtc_ex.o
 .debug_line    0x0000000000010965     0x10ce ./Drivers/STM32F4xx_HAL_Driver/Src/stm32f4xx_hal_sram.o
 .debug_line    0x0000000000011a33      0xcf1 ./Drivers/STM32F4xx_HAL_Driver/Src/stm32f4xx_ll_fsmc.o

.debug_str      0x0000000000000000    0xc74ef
 .debug_str     0x0000000000000000    0xc4ab5 ./Core/Src/main.o
                                      0xc4e3d (size before relaxing)
 .debug_str     0x00000000000c4ab5      0x232 ./Core/Src/md070sd.o
                                      0xc4528 (size before relaxing)
 .debug_str     0x00000000000c4ce7      0x164 ./Core/Src/stm32f4xx_hal_msp.o
                                      0xc43fd (size before relaxing)
 .debug_str     0x00000000000c4e4b       0xc9 ./Core/Src/stm32f4xx_it.o
                                      0xc3b76 (size before relaxing)
 .debug_str     0x00000000000c4f14       0xdb ./Core/Src/system_stm32f4xx.o
                                      0xc38d8 (size before relaxing)
 .debug_str     0x00000000000c4fef       0x34 ./Core/Startup/startup_stm32f407vetx.o
                                         0x7a (size before relaxing)
 .debug_str     0x00000000000c5023      0xafd ./Drivers/STM32F4xx_HAL_Driver/Src/stm32f4xx_hal.o
                                      0xc445c (size before relaxing)
 .debug_str     0x00000000000c5b20      0x383 ./Drivers/STM32F4xx_HAL_Driver/Src/stm32f4xx_hal_cortex.o
                                      0xc41d8 (size before relaxing)
 .debug_str     0x00000000000c5ea3      0x11c ./Drivers/STM32F4xx_HAL_Driver/Src/stm32f4xx_hal_gpio.o
                                      0xc3a53 (size before relaxing)
 .debug_str     0x00000000000c5fbf      0x24f ./Drivers/STM32F4xx_HAL_Driver/Src/stm32f4xx_hal_pwr.o
                                      0xc3b0e (size before relaxing)
 .debug_str     0x00000000000c620e      0x244 ./Drivers/STM32F4xx_HAL_Driver/Src/stm32f4xx_hal_rcc.o
                                      0xc3d1d (size before relaxing)
 .debug_str     0x00000000000c6452       0xf9 ./Drivers/STM32F4xx_HAL_Driver/Src/stm32f4xx_hal_rcc_ex.o
                                      0xc3a2a (size before relaxing)
 .debug_str     0x00000000000c654b      0x2ad ./Drivers/STM32F4xx_HAL_Driver/Src/stm32f4xx_hal_rtc.o
                                      0xc3d47 (size before relaxing)
 .debug_str     0x00000000000c67f8      0x52b ./Drivers/STM32F4xx_HAL_Driver/Src/stm32f4xx_hal_rtc_ex.o
                                      0xc401e (size before relaxing)
 .debug_str     0x00000000000c6d23      0x20b ./Drivers/STM32F4xx_HAL_Driver/Src/stm32f4xx_hal_sram.o
                                      0xc3ed6 (size before relaxing)
 .debug_str     0x00000000000c6f2e      0x5c1 ./Drivers/STM32F4xx_HAL_Driver/Src/stm32f4xx_ll_fsmc.o
                                      0xc4143 (size before relaxing)

.debug_frame    0x0000000000000000     0x18dc
 .debug_frame   0x0000000000000000       0x90 ./Core/Src/main.o
 .debug_frame   0x0000000000000090      0x3b8 ./Core/Src/md070sd.o
 .debug_frame   0x0000000000000448       0x9c ./Core/Src/stm32f4xx_hal_msp.o
 .debug_frame   0x00000000000004e4       0xa0 ./Core/Src/stm32f4xx_it.o
 .debug_frame   0x0000000000000584       0x30 ./Core/Src/system_stm32f4xx.o
 .debug_frame   0x00000000000005b4      0x1f4 ./Drivers/STM32F4xx_HAL_Driver/Src/stm32f4xx_hal.o
 .debug_frame   0x00000000000007a8      0x188 ./Drivers/STM32F4xx_HAL_Driver/Src/stm32f4xx_hal_cortex.o
 .debug_frame   0x0000000000000930       0xe0 ./Drivers/STM32F4xx_HAL_Driver/Src/stm32f4xx_hal_gpio.o
 .debug_frame   0x0000000000000a10      0x150 ./Drivers/STM32F4xx_HAL_Driver/Src/stm32f4xx_hal_pwr.o
 .debug_frame   0x0000000000000b60      0x18c ./Drivers/STM32F4xx_HAL_Driver/Src/stm32f4xx_hal_rcc.o
 .debug_frame   0x0000000000000cec       0xb8 ./Drivers/STM32F4xx_HAL_Driver/Src/stm32f4xx_hal_rcc_ex.o
 .debug_frame   0x0000000000000da4      0x338 ./Drivers/STM32F4xx_HAL_Driver/Src/stm32f4xx_hal_rtc.o
 .debug_frame   0x00000000000010dc      0x388 ./Drivers/STM32F4xx_HAL_Driver/Src/stm32f4xx_hal_rtc_ex.o
 .debug_frame   0x0000000000001464      0x210 ./Drivers/STM32F4xx_HAL_Driver/Src/stm32f4xx_hal_sram.o
 .debug_frame   0x0000000000001674      0x1dc ./Drivers/STM32F4xx_HAL_Driver/Src/stm32f4xx_ll_fsmc.o
 .debug_frame   0x0000000000001850       0x2c C:/ST/STM32CubeIDE_1.13.2/STM32CubeIDE/plugins/com.st.stm32cube.ide.mcu.externaltools.gnu-tools-for-stm32.11.3.rel1.win32_1.1.1.202309131626/tools/bin/../lib/gcc/arm-none-eabi/11.3.1/../../../../arm-none-eabi/lib/thumb/v7e-m+fp/hard\libc_nano.a(libc_a-init.o)
 .debug_frame   0x000000000000187c       0x2c C:/ST/STM32CubeIDE_1.13.2/STM32CubeIDE/plugins/com.st.stm32cube.ide.mcu.externaltools.gnu-tools-for-stm32.11.3.rel1.win32_1.1.1.202309131626/tools/bin/../lib/gcc/arm-none-eabi/11.3.1/thumb/v7e-m+fp/hard\libgcc.a(_aeabi_uldivmod.o)
 .debug_frame   0x00000000000018a8       0x34 C:/ST/STM32CubeIDE_1.13.2/STM32CubeIDE/plugins/com.st.stm32cube.ide.mcu.externaltools.gnu-tools-for-stm32.11.3.rel1.win32_1.1.1.202309131626/tools/bin/../lib/gcc/arm-none-eabi/11.3.1/thumb/v7e-m+fp/hard\libgcc.a(_udivmoddi4.o)

.debug_line_str
                0x0000000000000000       0x6e
 .debug_line_str
                0x0000000000000000       0x6e ./Core/Startup/startup_stm32f407vetx.o
                                         0x86 (size before relaxing)
