../Core/lvgl/src/widgets/dropdown/lv_dropdown.c:765:13:lv_dropdownlist_destructor	0	static
../Core/lvgl/src/widgets/dropdown/lv_dropdown.c:1358:13:position_to_selected	32	static
../Core/lvgl/src/widgets/dropdown/lv_dropdown.c:733:13:lv_dropdown_destructor	8	static
../Core/lvgl/src/widgets/dropdown/lv_dropdown.c:1159:13:draw_box	208	static
../Core/lvgl/src/widgets/dropdown/lv_dropdown.c:1199:13:draw_box_label	200	static
../Core/lvgl/src/widgets/dropdown/lv_dropdown.c:750:13:lv_dropdownlist_constructor	16	static
../Core/lvgl/src/widgets/dropdown/lv_dropdown.c:1388:13:dropdown_value_changed_event_cb	16	static
../Core/lvgl/src/widgets/dropdown/lv_dropdown.c:1396:13:dropdown_value_observer_cb	8	static
../Core/lvgl/src/widgets/dropdown/lv_dropdown.c:548:6:lv_dropdown_open.part.0	40	static
../Core/lvgl/src/widgets/dropdown/lv_dropdown.c:700:13:lv_dropdown_constructor	16	static
../Core/lvgl/src/widgets/dropdown/lv_dropdown.c:1247:20:btn_release_handler.isra	24	static
../Core/lvgl/src/widgets/dropdown/lv_dropdown.c:946:13:lv_dropdown_list_event	64	static
../Core/lvgl/src/widgets/dropdown/lv_dropdown.c:153:12:lv_dropdown_create	8	static
../Core/lvgl/src/widgets/dropdown/lv_dropdown.c:165:6:lv_dropdown_set_text	16	static
../Core/lvgl/src/widgets/dropdown/lv_dropdown.c:186:6:lv_dropdown_set_text_static	16	static
../Core/lvgl/src/widgets/dropdown/lv_dropdown.c:203:6:lv_dropdown_set_options	24	static
../Core/lvgl/src/widgets/dropdown/lv_dropdown.c:251:6:lv_dropdown_set_options_static	16	static
../Core/lvgl/src/widgets/dropdown/lv_dropdown.c:281:6:lv_dropdown_add_option	32	static
../Core/lvgl/src/widgets/dropdown/lv_dropdown.c:354:6:lv_dropdown_clear_options	8	static
../Core/lvgl/src/widgets/dropdown/lv_dropdown.c:372:6:lv_dropdown_set_selected	8	static
../Core/lvgl/src/widgets/dropdown/lv_dropdown.c:389:6:lv_dropdown_set_dir	0	static
../Core/lvgl/src/widgets/dropdown/lv_dropdown.c:401:6:lv_dropdown_set_symbol	8	static
../Core/lvgl/src/widgets/dropdown/lv_dropdown.c:410:6:lv_dropdown_set_selected_highlight	0	static
../Core/lvgl/src/widgets/dropdown/lv_dropdown.c:423:12:lv_dropdown_get_list	0	static
../Core/lvgl/src/widgets/dropdown/lv_dropdown.c:431:14:lv_dropdown_get_text	0	static
../Core/lvgl/src/widgets/dropdown/lv_dropdown.c:439:14:lv_dropdown_get_options	0	static
../Core/lvgl/src/widgets/dropdown/lv_dropdown.c:447:10:lv_dropdown_get_selected	0	static
../Core/lvgl/src/widgets/dropdown/lv_dropdown.c:456:10:lv_dropdown_get_option_count	0	static
../Core/lvgl/src/widgets/dropdown/lv_dropdown.c:465:6:lv_dropdown_get_selected_str	24	static
../Core/lvgl/src/widgets/dropdown/lv_dropdown.c:774:13:lv_dropdown_event.part.0	488	static
../Core/lvgl/src/widgets/dropdown/lv_dropdown.c:774:13:lv_dropdown_event	8	static
../Core/lvgl/src/widgets/dropdown/lv_dropdown.c:499:9:lv_dropdown_get_option_index	24	static
../Core/lvgl/src/widgets/dropdown/lv_dropdown.c:523:14:lv_dropdown_get_symbol	0	static
../Core/lvgl/src/widgets/dropdown/lv_dropdown.c:530:6:lv_dropdown_get_selected_highlight	0	static
../Core/lvgl/src/widgets/dropdown/lv_dropdown.c:537:10:lv_dropdown_get_dir	0	static
../Core/lvgl/src/widgets/dropdown/lv_dropdown.c:548:6:lv_dropdown_open	0	static
../Core/lvgl/src/widgets/dropdown/lv_dropdown.c:646:6:lv_dropdown_close	8	static
../Core/lvgl/src/widgets/dropdown/lv_dropdown.c:659:6:lv_dropdown_is_open	8	static
../Core/lvgl/src/widgets/dropdown/lv_dropdown.c:669:17:lv_dropdown_bind_value	16	static
