../Core/lvgl/src/widgets/label/lv_label.c:1408:13:set_ofs_y_anim	0	static
../Core/lvgl/src/widgets/label/lv_label.c:1401:13:set_ofs_x_anim	0	static
../Core/lvgl/src/widgets/label/lv_label.c:769:13:lv_label_destructor	8	static
../Core/lvgl/src/widgets/label/lv_label.c:405:10:lv_label_get_letter_on.part.0	120	static
../Core/lvgl/src/widgets/label/lv_label.c:981:13:set_text_internal	24	static
../Core/lvgl/src/widgets/label/lv_label.c:737:13:lv_label_constructor	24	static
../Core/lvgl/src/widgets/label/lv_label.c:785:13:lv_label_event	216	static
../Core/lvgl/src/widgets/label/lv_label.c:1100:13:lv_label_refr_text	184	static
../Core/lvgl/src/widgets/label/lv_label.c:1084:13:update_layout_completed_cb	8	static
../Core/lvgl/src/widgets/label/lv_label.c:119:12:lv_label_create	8	static
../Core/lvgl/src/widgets/label/lv_label.c:131:6:lv_label_set_text	24	static
../Core/lvgl/src/widgets/label/lv_label.c:138:6:lv_label_set_text_fmt	36	static
../Core/lvgl/src/widgets/label/lv_label.c:1472:13:label_text_observer_cb	4	static
../Core/lvgl/src/widgets/label/lv_label.c:146:6:lv_label_set_text_vfmt	24	static
../Core/lvgl/src/widgets/label/lv_label.c:173:6:lv_label_set_text_static	16	static
../Core/lvgl/src/widgets/label/lv_label.c:214:6:lv_label_set_long_mode	16	static
../Core/lvgl/src/widgets/label/lv_label.c:235:6:lv_label_set_text_selection_start	0	static
../Core/lvgl/src/widgets/label/lv_label.c:249:6:lv_label_set_text_selection_end	0	static
../Core/lvgl/src/widgets/label/lv_label.c:263:6:lv_label_set_recolor	8	static
../Core/lvgl/src/widgets/label/lv_label.c:280:8:lv_label_get_text	0	static
../Core/lvgl/src/widgets/label/lv_label.c:287:22:lv_label_get_long_mode	0	static
../Core/lvgl/src/widgets/label/lv_label.c:294:6:lv_label_get_letter_pos	104	static
../Core/lvgl/src/widgets/label/lv_label.c:405:10:lv_label_get_letter_on	0	static
../Core/lvgl/src/widgets/label/lv_label.c:534:6:lv_label_is_char_under_pos	104	static
../Core/lvgl/src/widgets/label/lv_label.c:617:10:lv_label_get_text_selection_start	0	static
../Core/lvgl/src/widgets/label/lv_label.c:630:10:lv_label_get_text_selection_end	0	static
../Core/lvgl/src/widgets/label/lv_label.c:643:6:lv_label_get_recolor	0	static
../Core/lvgl/src/widgets/label/lv_label.c:656:17:lv_label_bind_text	0	static
../Core/lvgl/src/widgets/label/lv_label.c:689:6:lv_label_ins_text	24	static
../Core/lvgl/src/widgets/label/lv_label.c:715:6:lv_label_cut_text	8	static
