../Core/lvgl/src/widgets/spinbox/lv_spinbox.c:552:13:lv_spinbox_updatevalue	72	static
../Core/lvgl/src/widgets/spinbox/lv_spinbox.c:424:13:lv_spinbox_constructor	16	static
../Core/lvgl/src/widgets/spinbox/lv_spinbox.c:629:13:spinbox_value_changed_event_cb	8	static
../Core/lvgl/src/widgets/spinbox/lv_spinbox.c:639:13:spinbox_value_observer_cb	0	static
../Core/lvgl/src/widgets/spinbox/lv_spinbox.c:449:13:lv_spinbox_event	24	static
../Core/lvgl/src/widgets/spinbox/lv_spinbox.c:109:12:lv_spinbox_create	8	static
../Core/lvgl/src/widgets/spinbox/lv_spinbox.c:121:6:lv_spinbox_set_value	4	static
../Core/lvgl/src/widgets/spinbox/lv_spinbox.c:134:6:lv_spinbox_set_rollover	0	static
../Core/lvgl/src/widgets/spinbox/lv_spinbox.c:142:6:lv_spinbox_set_digit_format	16	static
../Core/lvgl/src/widgets/spinbox/lv_spinbox.c:163:6:lv_spinbox_set_digit_count	0	static
../Core/lvgl/src/widgets/spinbox/lv_spinbox.c:175:6:lv_spinbox_set_dec_point_pos	0	static
../Core/lvgl/src/widgets/spinbox/lv_spinbox.c:185:6:lv_spinbox_set_step	0	static
../Core/lvgl/src/widgets/spinbox/lv_spinbox.c:194:6:lv_spinbox_set_range	0	static
../Core/lvgl/src/widgets/spinbox/lv_spinbox.c:208:6:lv_spinbox_set_min_value	0	static
../Core/lvgl/src/widgets/spinbox/lv_spinbox.c:220:6:lv_spinbox_set_max_value	0	static
../Core/lvgl/src/widgets/spinbox/lv_spinbox.c:232:6:lv_spinbox_set_cursor_pos	24	static
../Core/lvgl/src/widgets/spinbox/lv_spinbox.c:246:6:lv_spinbox_set_digit_step_direction	0	static
../Core/lvgl/src/widgets/spinbox/lv_spinbox.c:258:9:lv_spinbox_get_value	0	static
../Core/lvgl/src/widgets/spinbox/lv_spinbox.c:266:9:lv_spinbox_get_step	0	static
../Core/lvgl/src/widgets/spinbox/lv_spinbox.c:278:6:lv_spinbox_step_next	4	static
../Core/lvgl/src/widgets/spinbox/lv_spinbox.c:289:6:lv_spinbox_step_prev	0	static
../Core/lvgl/src/widgets/spinbox/lv_spinbox.c:301:6:lv_spinbox_get_rollover	0	static
../Core/lvgl/src/widgets/spinbox/lv_spinbox.c:309:10:lv_spinbox_get_digit_count	0	static
../Core/lvgl/src/widgets/spinbox/lv_spinbox.c:316:10:lv_spinbox_get_dec_point_pos	0	static
../Core/lvgl/src/widgets/spinbox/lv_spinbox.c:323:9:lv_spinbox_get_min_value	0	static
../Core/lvgl/src/widgets/spinbox/lv_spinbox.c:330:9:lv_spinbox_get_max_value	0	static
../Core/lvgl/src/widgets/spinbox/lv_spinbox.c:337:10:lv_spinbox_get_digit_step_direction	0	static
../Core/lvgl/src/widgets/spinbox/lv_spinbox.c:344:6:lv_spinbox_increment	0	static
../Core/lvgl/src/widgets/spinbox/lv_spinbox.c:373:6:lv_spinbox_decrement	0	static
../Core/lvgl/src/widgets/spinbox/lv_spinbox.c:403:17:lv_spinbox_bind_value	16	static
