../Core/Src/md070sd.c:56:6:MD_Reset	0	static
../Core/Src/md070sd.c:70:6:MD_Init	8	static
../Core/Src/md070sd.c:94:6:MD_SetBacklight	0	static
../Core/Src/md070sd.c:100:6:MD_BacklightOn	0	static
../Core/Src/md070sd.c:105:6:MD_BacklightOff	0	static
../Core/Src/md070sd.c:113:6:MD_SetDisplayPage	4	static
../Core/Src/md070sd.c:120:6:MD_SetWritePage	4	static
../Core/Src/md070sd.c:127:6:MD_SwapPages	0	static
../Core/Src/md070sd.c:134:9:MD_GetDisplayPage	0	static
../Core/Src/md070sd.c:139:9:MD_GetWritePage	0	static
../Core/Src/md070sd.c:147:6:MD_Sleep	0	static
../Core/Src/md070sd.c:152:6:MD_WakeUp	0	static
../Core/Src/md070sd.c:158:6:MD_SetDisplayMode	0	static
../Core/Src/md070sd.c:163:6:MD_SetRotation	0	static
../Core/Src/md070sd.c:185:6:MD_SetAddressDirection	0	static
../Core/Src/md070sd.c:194:6:MD_SetWindow	8	static
../Core/Src/md070sd.c:206:6:MD_FillScreen	0	static
../Core/Src/md070sd.c:226:6:MD_Clear	0	static
../Core/Src/md070sd.c:234:6:MD_DrawPixel	4	static
../Core/Src/md070sd.c:245:6:MD_DrawHLine	12	static
../Core/Src/md070sd.c:261:6:MD_DrawVLine	12	static
../Core/Src/md070sd.c:277:6:MD_DrawLine	72	static
../Core/Src/md070sd.c:314:6:MD_DrawRect	32	static
../Core/Src/md070sd.c:327:6:MD_FillRect	16	static
../Core/Src/md070sd.c:433:6:MD_DrawCircle	56	static
../Core/Src/md070sd.c:459:6:MD_FillCircle	72	static
../Core/Src/md070sd.c:468:6:MD_DrawTriangle	40	static
../Core/Src/md070sd.c:478:6:MD_FillTriangle	72	static
../Core/Src/md070sd.c:532:6:MD_DrawRoundRect	72	static
../Core/Src/md070sd.c:552:6:MD_FillRoundRect	96	static
../Core/Src/md070sd.c:567:10:MD_ReadPixel	0	static
../Core/Src/md070sd.c:583:6:MD_ReadRect	12	static
../Core/Src/md070sd.c:604:6:MD_CopyRect	1656	static
