../Core/Src/md070sd.c:61:6:MD_Reset	0	static
../Core/Src/md070sd.c:75:6:MD_Init	8	static
../Core/Src/md070sd.c:94:6:MD_SetBacklight	0	static
../Core/Src/md070sd.c:99:6:MD_BacklightOn	0	static
../Core/Src/md070sd.c:100:6:MD_BacklightOff	0	static
../Core/Src/md070sd.c:105:6:MD_SetDisplayPage	0	static
../Core/Src/md070sd.c:111:6:MD_SetWritePage	0	static
../Core/Src/md070sd.c:117:6:MD_SetDisplayMode	0	static
../Core/Src/md070sd.c:121:6:MD_SetAddressDirection	0	static
../Core/Src/md070sd.c:128:6:MD_SetWindow	8	static
../Core/Src/md070sd.c:139:6:MD_FillScreen	0	static
../Core/Src/md070sd.c:145:6:MD_Clear	0	static
../Core/Src/md070sd.c:149:6:MD_DrawPixel	4	static
../Core/Src/md070sd.c:155:6:MD_FillRect	16	static
../Core/Src/md070sd.c:201:6:MD_DrawChar	48	static
../Core/Src/md070sd.c:263:6:MD_DrawString	64	static
