../Core/lvgl/src/widgets/buttonmatrix/lv_buttonmatrix.c:877:17:get_button_from_point	96	static
../Core/lvgl/src/widgets/buttonmatrix/lv_buttonmatrix.c:616:13:draw_main	712	static
../Core/lvgl/src/widgets/buttonmatrix/lv_buttonmatrix.c:327:13:lv_buttonmatrix_destructor	8	static
../Core/lvgl/src/widgets/buttonmatrix/lv_buttonmatrix.c:930:13:invalidate_button_area.part.0	72	static
../Core/lvgl/src/widgets/buttonmatrix/lv_buttonmatrix.c:1014:13:update_map	128	static
../Core/lvgl/src/widgets/buttonmatrix/lv_buttonmatrix.c:118:6:lv_buttonmatrix_set_map.part.0	32	static
../Core/lvgl/src/widgets/buttonmatrix/lv_buttonmatrix.c:306:13:lv_buttonmatrix_constructor	4	static
../Core/lvgl/src/widgets/buttonmatrix/lv_buttonmatrix.c:339:13:lv_buttonmatrix_event	48	static
../Core/lvgl/src/widgets/buttonmatrix/lv_buttonmatrix.c:106:12:lv_buttonmatrix_create	8	static
../Core/lvgl/src/widgets/buttonmatrix/lv_buttonmatrix.c:118:6:lv_buttonmatrix_set_map	0	static
../Core/lvgl/src/widgets/buttonmatrix/lv_buttonmatrix.c:134:6:lv_buttonmatrix_set_ctrl_map	8	static
../Core/lvgl/src/widgets/buttonmatrix/lv_buttonmatrix.c:144:6:lv_buttonmatrix_set_selected_button	16	static
../Core/lvgl/src/widgets/buttonmatrix/lv_buttonmatrix.c:157:6:lv_buttonmatrix_set_button_ctrl	24	static
../Core/lvgl/src/widgets/buttonmatrix/lv_buttonmatrix.c:177:6:lv_buttonmatrix_clear_button_ctrl	16	static
../Core/lvgl/src/widgets/buttonmatrix/lv_buttonmatrix.c:193:6:lv_buttonmatrix_set_button_ctrl_all	32	static
../Core/lvgl/src/widgets/buttonmatrix/lv_buttonmatrix.c:204:6:lv_buttonmatrix_clear_button_ctrl_all	24	static
../Core/lvgl/src/widgets/buttonmatrix/lv_buttonmatrix.c:215:6:lv_buttonmatrix_set_button_width	4	static
../Core/lvgl/src/widgets/buttonmatrix/lv_buttonmatrix.c:227:6:lv_buttonmatrix_set_one_checked	24	static
../Core/lvgl/src/widgets/buttonmatrix/lv_buttonmatrix.c:242:22:lv_buttonmatrix_get_map	0	static
../Core/lvgl/src/widgets/buttonmatrix/lv_buttonmatrix.c:250:10:lv_buttonmatrix_get_selected_button	0	static
../Core/lvgl/src/widgets/buttonmatrix/lv_buttonmatrix.c:258:14:lv_buttonmatrix_get_button_text	32	static
../Core/lvgl/src/widgets/buttonmatrix/lv_buttonmatrix.c:283:6:lv_buttonmatrix_has_button_ctrl	0	static
../Core/lvgl/src/widgets/buttonmatrix/lv_buttonmatrix.c:293:6:lv_buttonmatrix_get_one_checked	0	static
