../Core/lvgl/src/widgets/animimage/lv_animimage.c:215:13:lv_animimg_constructor	24	static
../Core/lvgl/src/widgets/animimage/lv_animimage.c:234:13:index_change	0	static
../Core/lvgl/src/widgets/animimage/lv_animimage.c:93:12:lv_animimg_create	8	static
../Core/lvgl/src/widgets/animimage/lv_animimage.c:101:6:lv_animimg_set_src	0	static
../Core/lvgl/src/widgets/animimage/lv_animimage.c:106:6:lv_animimg_set_src_reverse	0	static
../Core/lvgl/src/widgets/animimage/lv_animimage.c:111:6:lv_animimg_start	0	static
../Core/lvgl/src/widgets/animimage/lv_animimage.c:118:6:lv_animimg_delete	0	static
../Core/lvgl/src/widgets/animimage/lv_animimage.c:129:6:lv_animimg_set_duration	16	static
../Core/lvgl/src/widgets/animimage/lv_animimage.c:137:6:lv_animimg_set_repeat_count	0	static
../Core/lvgl/src/widgets/animimage/lv_animimage.c:144:6:lv_animimg_set_reverse_duration	0	static
../Core/lvgl/src/widgets/animimage/lv_animimage.c:151:6:lv_animimg_set_reverse_delay	0	static
../Core/lvgl/src/widgets/animimage/lv_animimage.c:158:6:lv_animimg_set_start_cb	0	static
../Core/lvgl/src/widgets/animimage/lv_animimage.c:165:6:lv_animimg_set_completed_cb	0	static
../Core/lvgl/src/widgets/animimage/lv_animimage.c:176:15:lv_animimg_get_src	0	static
../Core/lvgl/src/widgets/animimage/lv_animimage.c:183:9:lv_animimg_get_src_count	0	static
../Core/lvgl/src/widgets/animimage/lv_animimage.c:190:10:lv_animimg_get_duration	0	static
../Core/lvgl/src/widgets/animimage/lv_animimage.c:197:10:lv_animimg_get_repeat_count	0	static
../Core/lvgl/src/widgets/animimage/lv_animimage.c:204:13:lv_animimg_get_anim	0	static
