../Core/lvgl/src/misc/lv_text.c:566:16:lv_text_utf8_size	0	static
../Core/lvgl/src/misc/lv_text.c:648:17:lv_text_utf8_next	24	static
../Core/lvgl/src/misc/lv_text.c:761:17:lv_text_utf8_get_byte_id	16	static
../Core/lvgl/src/misc/lv_text.c:620:17:lv_text_utf8_conv_wc	24	static
../Core/lvgl/src/misc/lv_text.c:584:17:lv_text_unicode_to_utf8	0	static
../Core/lvgl/src/misc/lv_text.c:728:17:lv_text_utf8_prev	16	static
../Core/lvgl/src/misc/lv_text.c:781:17:lv_text_utf8_get_char_id	4	static
../Core/lvgl/src/misc/lv_text.c:800:17:lv_text_utf8_get_length	4	static
../Core/lvgl/src/misc/lv_text.c:430:9:lv_text_get_width.part.0	48	static
../Core/lvgl/src/misc/lv_text.c:224:17:lv_text_get_next_word.constprop	80	static
../Core/lvgl/src/misc/lv_text.c:108:6:lv_text_get_size_attributes.part.0.constprop	88	static
../Core/lvgl/src/misc/lv_text.c:91:6:lv_text_attributes_init	0	static
../Core/lvgl/src/misc/lv_text.c:96:6:lv_text_get_size	40	static
../Core/lvgl/src/misc/lv_text.c:108:6:lv_text_get_size_attributes	8	static
../Core/lvgl/src/misc/lv_text.c:162:6:lv_text_is_cmd	0	static
../Core/lvgl/src/misc/lv_text.c:344:10:lv_text_get_next_line	80	static
../Core/lvgl/src/misc/lv_text.c:430:9:lv_text_get_width	4	static
../Core/lvgl/src/misc/lv_text.c:471:6:lv_text_ins	32	static
../Core/lvgl/src/misc/lv_text.c:492:6:lv_text_cut	24	static
../Core/lvgl/src/misc/lv_text.c:508:8:lv_text_set_text_vfmt	32	static
../Core/lvgl/src/misc/lv_text.c:550:6:lv_text_encoded_letter_next_2	32	static
